[2026-04-05 05:00:44] === AlphaZero Loop Start (branch=develop, run_dir=runs/develop, iteration=401, games=300, sims=64+0/iter, max=64, min_chain=0, threads=128) ===
[2026-04-05 05:00:44] --- Iteration 401 (sims=64, global_step=400000) ---
[2026-04-05 05:00:44] Self-play start (m=16, c_visit=50.0)
    Finished `release` profile [optimized] target(s) in 6.80s
     Running `target/release/self-play --games 300 --simulations 64 --c-puct-init 1.5 --c-puct-base 19652.0 --m 16 --c-visit 50.0 --gamma 0.95 --min-chain 0 --threads 128 --batch-size 512 --num-leaves 1 --model-path runs/develop/artifacts/puyo_model --cols 3 --rows 8 --num-colors 3 --residual-channels 64 --num-blocks 6 --policy-conv-channels 2 --value-conv-channels 1 --value-hidden 64 --film-hidden 128 --output runs/develop/data/alphazero_iter_401.bin`
games=300, simulations=64, c_puct_init=1.5, c_puct_base=19652, m=16, c_visit=50, gamma=0.95, num_leaves=1, min_chain=0
Game config: cols=3, rows=8, num_colors=3, residual_channels=64, num_blocks=6, policy_conv_ch=2, value_conv_ch=1, value_hidden=64, film_hidden=128
Backend: CudaJit (GPU) — Gumbel MCTS self-play (batched)
Loaded existing model from runs/develop/artifacts/puyo_model
Using 128 game threads, max_batch_size=512
[   1/300] samples:     12 | chain(game/max/avg): 1/1/1.0 | reward(game/avg): 40/40 | 0.16 games/s | ETA: 1822s
[   2/300] samples:     44 | chain(game/max/avg): 3/3/2.0 | reward(game/avg): 3680/1860 | 0.16 games/s | ETA: 1854s
[   3/300] samples:     79 | chain(game/max/avg): 3/3/2.3 | reward(game/avg): 3420/2380 | 0.22 games/s | ETA: 1373s
[   4/300] samples:    118 | chain(game/max/avg): 4/4/2.8 | reward(game/avg): 4820/2990 | 0.27 games/s | ETA: 1079s
[   5/300] samples:    165 | chain(game/max/avg): 4/4/3.0 | reward(game/avg): 6760/3744 | 0.31 games/s | ETA: 966s
[   6/300] samples:    215 | chain(game/max/avg): 4/4/3.2 | reward(game/avg): 12740/5243 | 0.35 games/s | ETA: 851s
[   7/300] samples:    265 | chain(game/max/avg): 4/4/3.3 | reward(game/avg): 8360/5689 | 0.40 games/s | ETA: 740s
[   8/300] samples:    315 | chain(game/max/avg): 4/4/3.4 | reward(game/avg): 6900/5840 | 0.45 games/s | ETA: 648s
[   9/300] samples:    365 | chain(game/max/avg): 4/4/3.4 | reward(game/avg): 9240/6218 | 0.50 games/s | ETA: 582s
[  10/300] samples:    415 | chain(game/max/avg): 4/4/3.5 | reward(game/avg): 8860/6482 | 0.55 games/s | ETA: 523s
[  11/300] samples:    465 | chain(game/max/avg): 4/4/3.5 | reward(game/avg): 10440/6842 | 0.61 games/s | ETA: 474s
[  12/300] samples:    515 | chain(game/max/avg): 4/4/3.6 | reward(game/avg): 8160/6952 | 0.66 games/s | ETA: 434s
[  13/300] samples:    565 | chain(game/max/avg): 4/4/3.6 | reward(game/avg): 8820/7095 | 0.72 games/s | ETA: 400s
[  14/300] samples:    615 | chain(game/max/avg): 4/4/3.6 | reward(game/avg): 8100/7167 | 0.77 games/s | ETA: 371s
[  15/300] samples:    665 | chain(game/max/avg): 4/4/3.7 | reward(game/avg): 7030/7158 | 0.83 games/s | ETA: 345s
[  16/300] samples:    715 | chain(game/max/avg): 4/4/3.7 | reward(game/avg): 8760/7258 | 0.88 games/s | ETA: 323s
[  17/300] samples:    765 | chain(game/max/avg): 4/4/3.7 | reward(game/avg): 9140/7369 | 0.93 games/s | ETA: 303s
[  18/300] samples:    815 | chain(game/max/avg): 4/4/3.7 | reward(game/avg): 9570/7491 | 0.99 games/s | ETA: 285s
[  19/300] samples:    865 | chain(game/max/avg): 4/4/3.7 | reward(game/avg): 8680/7554 | 1.04 games/s | ETA: 270s
[  20/300] samples:    915 | chain(game/max/avg): 4/4/3.8 | reward(game/avg): 10120/7682 | 1.10 games/s | ETA: 255s
[  21/300] samples:    965 | chain(game/max/avg): 4/4/3.8 | reward(game/avg): 9060/7748 | 1.15 games/s | ETA: 243s
[  22/300] samples:   1015 | chain(game/max/avg): 3/4/3.7 | reward(game/avg): 6120/7674 | 1.20 games/s | ETA: 231s
[  23/300] samples:   1065 | chain(game/max/avg): 4/4/3.7 | reward(game/avg): 8780/7722 | 1.26 games/s | ETA: 220s
[  24/300] samples:   1115 | chain(game/max/avg): 3/4/3.7 | reward(game/avg): 5680/7637 | 1.31 games/s | ETA: 210s
[  25/300] samples:   1165 | chain(game/max/avg): 4/4/3.7 | reward(game/avg): 9460/7710 | 1.37 games/s | ETA: 201s
[  26/300] samples:   1215 | chain(game/max/avg): 4/4/3.7 | reward(game/avg): 9480/7778 | 1.42 games/s | ETA: 193s
[  27/300] samples:   1265 | chain(game/max/avg): 3/4/3.7 | reward(game/avg): 8360/7799 | 1.47 games/s | ETA: 186s
[  28/300] samples:   1315 | chain(game/max/avg): 4/4/3.7 | reward(game/avg): 12380/7963 | 1.52 games/s | ETA: 178s
[  29/300] samples:   1365 | chain(game/max/avg): 4/4/3.7 | reward(game/avg): 11600/8088 | 1.58 games/s | ETA: 172s
[  30/300] samples:   1415 | chain(game/max/avg): 4/4/3.7 | reward(game/avg): 9620/8139 | 1.63 games/s | ETA: 166s
[  31/300] samples:   1465 | chain(game/max/avg): 4/4/3.7 | reward(game/avg): 9660/8188 | 1.68 games/s | ETA: 160s
[  32/300] samples:   1515 | chain(game/max/avg): 3/4/3.7 | reward(game/avg): 7120/8155 | 1.74 games/s | ETA: 154s
[  33/300] samples:   1565 | chain(game/max/avg): 3/4/3.7 | reward(game/avg): 7080/8122 | 1.79 games/s | ETA: 149s
[  34/300] samples:   1615 | chain(game/max/avg): 4/4/3.7 | reward(game/avg): 8400/8131 | 1.84 games/s | ETA: 144s
[  35/300] samples:   1665 | chain(game/max/avg): 4/4/3.7 | reward(game/avg): 7980/8126 | 1.90 games/s | ETA: 140s
[  36/300] samples:   1715 | chain(game/max/avg): 4/4/3.7 | reward(game/avg): 9060/8152 | 1.95 games/s | ETA: 135s
[  37/300] samples:   1765 | chain(game/max/avg): 4/4/3.7 | reward(game/avg): 10020/8203 | 2.01 games/s | ETA: 131s
[  38/300] samples:   1815 | chain(game/max/avg): 4/4/3.7 | reward(game/avg): 11580/8292 | 2.06 games/s | ETA: 127s
[  39/300] samples:   1865 | chain(game/max/avg): 4/4/3.7 | reward(game/avg): 7700/8276 | 2.11 games/s | ETA: 124s
[  40/300] samples:   1915 | chain(game/max/avg): 4/4/3.8 | reward(game/avg): 9540/8308 | 2.16 games/s | ETA: 120s
[  41/300] samples:   1965 | chain(game/max/avg): 4/4/3.8 | reward(game/avg): 8560/8314 | 2.21 games/s | ETA: 117s
[  42/300] samples:   2015 | chain(game/max/avg): 4/4/3.8 | reward(game/avg): 9240/8336 | 2.27 games/s | ETA: 114s
[  43/300] samples:   2065 | chain(game/max/avg): 4/4/3.8 | reward(game/avg): 9860/8372 | 2.32 games/s | ETA: 111s
[  44/300] samples:   2115 | chain(game/max/avg): 3/4/3.8 | reward(game/avg): 8280/8370 | 2.37 games/s | ETA: 108s
[  45/300] samples:   2165 | chain(game/max/avg): 4/4/3.8 | reward(game/avg): 8050/8362 | 2.42 games/s | ETA: 105s
[  46/300] samples:   2215 | chain(game/max/avg): 4/4/3.8 | reward(game/avg): 9220/8381 | 2.48 games/s | ETA: 103s
[  47/300] samples:   2265 | chain(game/max/avg): 4/4/3.8 | reward(game/avg): 8420/8382 | 2.53 games/s | ETA: 100s
[  48/300] samples:   2315 | chain(game/max/avg): 3/4/3.8 | reward(game/avg): 7200/8357 | 2.58 games/s | ETA: 98s
[  49/300] samples:   2365 | chain(game/max/avg): 4/4/3.8 | reward(game/avg): 8520/8361 | 2.64 games/s | ETA: 95s
[  50/300] samples:   2415 | chain(game/max/avg): 4/4/3.8 | reward(game/avg): 7000/8333 | 2.69 games/s | ETA: 93s
[  51/300] samples:   2465 | chain(game/max/avg): 4/4/3.8 | reward(game/avg): 10800/8382 | 2.74 games/s | ETA: 91s
[  52/300] samples:   2515 | chain(game/max/avg): 4/4/3.8 | reward(game/avg): 8620/8386 | 2.79 games/s | ETA: 89s
[  53/300] samples:   2565 | chain(game/max/avg): 4/4/3.8 | reward(game/avg): 8100/8381 | 2.85 games/s | ETA: 87s
[  54/300] samples:   2615 | chain(game/max/avg): 4/4/3.8 | reward(game/avg): 8760/8388 | 2.90 games/s | ETA: 85s
[  55/300] samples:   2665 | chain(game/max/avg): 4/4/3.8 | reward(game/avg): 8200/8385 | 2.95 games/s | ETA: 83s
[  56/300] samples:   2715 | chain(game/max/avg): 3/4/3.8 | reward(game/avg): 6860/8357 | 3.00 games/s | ETA: 81s
[  57/300] samples:   2765 | chain(game/max/avg): 3/4/3.8 | reward(game/avg): 8660/8363 | 3.06 games/s | ETA: 80s
[  58/300] samples:   2815 | chain(game/max/avg): 4/4/3.8 | reward(game/avg): 11080/8409 | 3.11 games/s | ETA: 78s
[  59/300] samples:   2865 | chain(game/max/avg): 3/4/3.7 | reward(game/avg): 5900/8367 | 3.16 games/s | ETA: 76s
[  60/300] samples:   2915 | chain(game/max/avg): 4/4/3.8 | reward(game/avg): 8520/8370 | 3.21 games/s | ETA: 75s
[  61/300] samples:   2965 | chain(game/max/avg): 3/4/3.7 | reward(game/avg): 7380/8353 | 3.27 games/s | ETA: 73s
[  62/300] samples:   3015 | chain(game/max/avg): 4/4/3.7 | reward(game/avg): 10140/8382 | 3.32 games/s | ETA: 72s
[  63/300] samples:   3065 | chain(game/max/avg): 4/4/3.7 | reward(game/avg): 10900/8422 | 3.37 games/s | ETA: 70s
[  64/300] samples:   3115 | chain(game/max/avg): 4/4/3.8 | reward(game/avg): 9660/8441 | 3.42 games/s | ETA: 69s
[  65/300] samples:   3165 | chain(game/max/avg): 4/4/3.8 | reward(game/avg): 8180/8437 | 3.47 games/s | ETA: 68s
[  66/300] samples:   3215 | chain(game/max/avg): 4/4/3.8 | reward(game/avg): 11380/8482 | 3.53 games/s | ETA: 66s
[  67/300] samples:   3265 | chain(game/max/avg): 4/4/3.8 | reward(game/avg): 10300/8509 | 3.58 games/s | ETA: 65s
[  68/300] samples:   3315 | chain(game/max/avg): 4/4/3.8 | reward(game/avg): 8500/8509 | 3.63 games/s | ETA: 64s
[  69/300] samples:   3365 | chain(game/max/avg): 4/4/3.8 | reward(game/avg): 8180/8504 | 3.67 games/s | ETA: 63s
[  70/300] samples:   3415 | chain(game/max/avg): 4/4/3.8 | reward(game/avg): 9520/8519 | 3.71 games/s | ETA: 62s
[  71/300] samples:   3465 | chain(game/max/avg): 4/4/3.8 | reward(game/avg): 8520/8519 | 3.77 games/s | ETA: 61s
[  72/300] samples:   3515 | chain(game/max/avg): 3/4/3.8 | reward(game/avg): 8000/8512 | 3.82 games/s | ETA: 60s
[  73/300] samples:   3565 | chain(game/max/avg): 4/4/3.8 | reward(game/avg): 7700/8500 | 3.87 games/s | ETA: 59s
[  74/300] samples:   3615 | chain(game/max/avg): 3/4/3.8 | reward(game/avg): 7490/8487 | 3.92 games/s | ETA: 58s
[  75/300] samples:   3665 | chain(game/max/avg): 4/4/3.8 | reward(game/avg): 9080/8495 | 3.97 games/s | ETA: 57s
[  76/300] samples:   3715 | chain(game/max/avg): 4/4/3.8 | reward(game/avg): 8360/8493 | 4.03 games/s | ETA: 56s
[  77/300] samples:   3765 | chain(game/max/avg): 3/4/3.8 | reward(game/avg): 6660/8469 | 4.08 games/s | ETA: 55s
[  78/300] samples:   3815 | chain(game/max/avg): 3/4/3.7 | reward(game/avg): 9420/8481 | 4.13 games/s | ETA: 54s
[  79/300] samples:   3865 | chain(game/max/avg): 4/4/3.7 | reward(game/avg): 9360/8492 | 4.18 games/s | ETA: 53s
[  80/300] samples:   3915 | chain(game/max/avg): 3/4/3.7 | reward(game/avg): 5420/8454 | 4.23 games/s | ETA: 52s
[  81/300] samples:   3965 | chain(game/max/avg): 4/4/3.7 | reward(game/avg): 9840/8471 | 4.28 games/s | ETA: 51s
[  82/300] samples:   4015 | chain(game/max/avg): 4/4/3.7 | reward(game/avg): 7760/8462 | 4.33 games/s | ETA: 50s
[  83/300] samples:   4065 | chain(game/max/avg): 3/4/3.7 | reward(game/avg): 6740/8442 | 4.39 games/s | ETA: 49s
[  84/300] samples:   4115 | chain(game/max/avg): 3/4/3.7 | reward(game/avg): 7940/8436 | 4.44 games/s | ETA: 49s
[  85/300] samples:   4165 | chain(game/max/avg): 4/4/3.7 | reward(game/avg): 9120/8444 | 4.49 games/s | ETA: 48s
[  86/300] samples:   4215 | chain(game/max/avg): 3/4/3.7 | reward(game/avg): 7560/8433 | 4.54 games/s | ETA: 47s
[  87/300] samples:   4265 | chain(game/max/avg): 3/4/3.7 | reward(game/avg): 6320/8409 | 4.59 games/s | ETA: 46s
[  88/300] samples:   4315 | chain(game/max/avg): 3/4/3.7 | reward(game/avg): 8080/8405 | 4.64 games/s | ETA: 46s
[  89/300] samples:   4365 | chain(game/max/avg): 3/4/3.7 | reward(game/avg): 8770/8410 | 4.70 games/s | ETA: 45s
[  90/300] samples:   4415 | chain(game/max/avg): 4/4/3.7 | reward(game/avg): 9140/8418 | 4.75 games/s | ETA: 44s
[  91/300] samples:   4465 | chain(game/max/avg): 3/4/3.7 | reward(game/avg): 7880/8412 | 4.80 games/s | ETA: 44s
[  92/300] samples:   4515 | chain(game/max/avg): 4/4/3.7 | reward(game/avg): 8660/8414 | 4.85 games/s | ETA: 43s
[  93/300] samples:   4565 | chain(game/max/avg): 4/4/3.7 | reward(game/avg): 9960/8431 | 4.90 games/s | ETA: 42s
[  94/300] samples:   4615 | chain(game/max/avg): 4/4/3.7 | reward(game/avg): 9140/8439 | 4.95 games/s | ETA: 42s
[  95/300] samples:   4665 | chain(game/max/avg): 4/4/3.7 | reward(game/avg): 9440/8449 | 5.00 games/s | ETA: 41s
[  96/300] samples:   4715 | chain(game/max/avg): 3/4/3.7 | reward(game/avg): 8820/8453 | 5.05 games/s | ETA: 40s
[  97/300] samples:   4765 | chain(game/max/avg): 4/4/3.7 | reward(game/avg): 10420/8473 | 5.10 games/s | ETA: 40s
[  98/300] samples:   4815 | chain(game/max/avg): 4/4/3.7 | reward(game/avg): 9960/8488 | 5.15 games/s | ETA: 39s
[  99/300] samples:   4865 | chain(game/max/avg): 3/4/3.7 | reward(game/avg): 7460/8478 | 5.19 games/s | ETA: 39s
[ 100/300] samples:   4915 | chain(game/max/avg): 4/4/3.7 | reward(game/avg): 9920/8492 | 5.25 games/s | ETA: 38s
[ 101/300] samples:   4965 | chain(game/max/avg): 4/4/3.7 | reward(game/avg): 7950/8487 | 4.77 games/s | ETA: 42s
[ 102/300] samples:   5010 | chain(game/max/avg): 3/4/3.7 | reward(game/avg): 4360/8447 | 3.75 games/s | ETA: 53s
[ 103/300] samples:   5060 | chain(game/max/avg): 3/4/3.7 | reward(game/avg): 8120/8443 | 3.68 games/s | ETA: 54s
[ 104/300] samples:   5110 | chain(game/max/avg): 4/4/3.7 | reward(game/avg): 9880/8457 | 3.65 games/s | ETA: 54s
[ 105/300] samples:   5160 | chain(game/max/avg): 4/4/3.7 | reward(game/avg): 11440/8486 | 3.27 games/s | ETA: 60s
[ 106/300] samples:   5210 | chain(game/max/avg): 5/5/3.7 | reward(game/avg): 10470/8504 | 3.19 games/s | ETA: 61s
[ 107/300] samples:   5260 | chain(game/max/avg): 4/5/3.7 | reward(game/avg): 9860/8517 | 3.22 games/s | ETA: 60s
[ 108/300] samples:   5310 | chain(game/max/avg): 4/5/3.7 | reward(game/avg): 10200/8533 | 3.23 games/s | ETA: 59s
[ 109/300] samples:   5360 | chain(game/max/avg): 5/5/3.7 | reward(game/avg): 8930/8536 | 3.25 games/s | ETA: 59s
[ 110/300] samples:   5410 | chain(game/max/avg): 4/5/3.7 | reward(game/avg): 8040/8532 | 3.28 games/s | ETA: 58s
[ 111/300] samples:   5460 | chain(game/max/avg): 3/5/3.7 | reward(game/avg): 5500/8505 | 3.31 games/s | ETA: 57s
[ 112/300] samples:   5510 | chain(game/max/avg): 4/5/3.7 | reward(game/avg): 9780/8516 | 3.34 games/s | ETA: 56s
[ 113/300] samples:   5560 | chain(game/max/avg): 4/5/3.7 | reward(game/avg): 9660/8526 | 3.35 games/s | ETA: 56s
[ 114/300] samples:   5610 | chain(game/max/avg): 5/5/3.7 | reward(game/avg): 11660/8554 | 3.37 games/s | ETA: 55s
[ 115/300] samples:   5660 | chain(game/max/avg): 4/5/3.7 | reward(game/avg): 8400/8552 | 3.40 games/s | ETA: 54s
[ 116/300] samples:   5710 | chain(game/max/avg): 4/5/3.7 | reward(game/avg): 10670/8570 | 3.43 games/s | ETA: 54s
[ 117/300] samples:   5760 | chain(game/max/avg): 4/5/3.7 | reward(game/avg): 10040/8583 | 3.45 games/s | ETA: 53s
[ 118/300] samples:   5810 | chain(game/max/avg): 4/5/3.7 | reward(game/avg): 7900/8577 | 3.48 games/s | ETA: 52s
[ 119/300] samples:   5860 | chain(game/max/avg): 4/5/3.7 | reward(game/avg): 11460/8601 | 3.51 games/s | ETA: 52s
[ 120/300] samples:   5910 | chain(game/max/avg): 5/5/3.8 | reward(game/avg): 11340/8624 | 3.53 games/s | ETA: 51s
[ 121/300] samples:   5960 | chain(game/max/avg): 3/5/3.8 | reward(game/avg): 7900/8618 | 3.56 games/s | ETA: 50s
[ 122/300] samples:   6010 | chain(game/max/avg): 4/5/3.8 | reward(game/avg): 7220/8607 | 3.59 games/s | ETA: 50s
[ 123/300] samples:   6060 | chain(game/max/avg): 4/5/3.8 | reward(game/avg): 9470/8614 | 3.59 games/s | ETA: 49s
[ 124/300] samples:   6110 | chain(game/max/avg): 4/5/3.8 | reward(game/avg): 9260/8619 | 3.62 games/s | ETA: 49s
[ 125/300] samples:   6160 | chain(game/max/avg): 4/5/3.8 | reward(game/avg): 8980/8622 | 3.65 games/s | ETA: 48s
[ 126/300] samples:   6210 | chain(game/max/avg): 4/5/3.8 | reward(game/avg): 8160/8618 | 3.68 games/s | ETA: 47s
[ 127/300] samples:   6260 | chain(game/max/avg): 4/5/3.8 | reward(game/avg): 9100/8622 | 3.70 games/s | ETA: 47s
[ 128/300] samples:   6310 | chain(game/max/avg): 4/5/3.8 | reward(game/avg): 10220/8635 | 3.73 games/s | ETA: 46s
[ 129/300] samples:   6360 | chain(game/max/avg): 3/5/3.8 | reward(game/avg): 5700/8612 | 3.76 games/s | ETA: 45s
[ 130/300] samples:   6410 | chain(game/max/avg): 4/5/3.8 | reward(game/avg): 9600/8619 | 3.79 games/s | ETA: 45s
[ 131/300] samples:   6460 | chain(game/max/avg): 3/5/3.8 | reward(game/avg): 8280/8617 | 3.82 games/s | ETA: 44s
[ 132/300] samples:   6510 | chain(game/max/avg): 4/5/3.8 | reward(game/avg): 9480/8623 | 3.85 games/s | ETA: 44s
[ 133/300] samples:   6560 | chain(game/max/avg): 4/5/3.8 | reward(game/avg): 10150/8635 | 3.88 games/s | ETA: 43s
[ 134/300] samples:   6610 | chain(game/max/avg): 3/5/3.8 | reward(game/avg): 5820/8614 | 3.89 games/s | ETA: 43s
[ 135/300] samples:   6660 | chain(game/max/avg): 4/5/3.8 | reward(game/avg): 7520/8606 | 3.92 games/s | ETA: 42s
[ 136/300] samples:   6710 | chain(game/max/avg): 4/5/3.8 | reward(game/avg): 9380/8611 | 3.95 games/s | ETA: 42s
[ 137/300] samples:   6760 | chain(game/max/avg): 4/5/3.8 | reward(game/avg): 11940/8636 | 3.98 games/s | ETA: 41s
[ 138/300] samples:   6810 | chain(game/max/avg): 4/5/3.8 | reward(game/avg): 10880/8652 | 4.00 games/s | ETA: 40s
[ 139/300] samples:   6860 | chain(game/max/avg): 3/5/3.8 | reward(game/avg): 7240/8642 | 4.03 games/s | ETA: 40s
[ 140/300] samples:   6910 | chain(game/max/avg): 4/5/3.8 | reward(game/avg): 9110/8645 | 4.05 games/s | ETA: 39s
[ 141/300] samples:   6960 | chain(game/max/avg): 4/5/3.8 | reward(game/avg): 9380/8650 | 4.08 games/s | ETA: 39s
[ 142/300] samples:   7010 | chain(game/max/avg): 3/5/3.8 | reward(game/avg): 7780/8644 | 4.11 games/s | ETA: 38s
[ 143/300] samples:   7060 | chain(game/max/avg): 3/5/3.7 | reward(game/avg): 6200/8627 | 4.14 games/s | ETA: 38s
[ 144/300] samples:   7110 | chain(game/max/avg): 4/5/3.8 | reward(game/avg): 10780/8642 | 4.17 games/s | ETA: 37s
[ 145/300] samples:   7160 | chain(game/max/avg): 3/5/3.7 | reward(game/avg): 8350/8640 | 4.20 games/s | ETA: 37s
[ 146/300] samples:   7210 | chain(game/max/avg): 4/5/3.7 | reward(game/avg): 9380/8645 | 4.22 games/s | ETA: 36s
[ 147/300] samples:   7260 | chain(game/max/avg): 4/5/3.7 | reward(game/avg): 8520/8644 | 4.25 games/s | ETA: 36s
[ 148/300] samples:   7310 | chain(game/max/avg): 3/5/3.7 | reward(game/avg): 8180/8641 | 4.28 games/s | ETA: 36s
[ 149/300] samples:   7360 | chain(game/max/avg): 3/5/3.7 | reward(game/avg): 8180/8638 | 4.31 games/s | ETA: 35s
[ 150/300] samples:   7410 | chain(game/max/avg): 3/5/3.7 | reward(game/avg): 7860/8633 | 4.33 games/s | ETA: 35s
[ 151/300] samples:   7460 | chain(game/max/avg): 3/5/3.7 | reward(game/avg): 8020/8629 | 4.36 games/s | ETA: 34s
[ 152/300] samples:   7510 | chain(game/max/avg): 4/5/3.7 | reward(game/avg): 7940/8624 | 4.39 games/s | ETA: 34s
[ 153/300] samples:   7560 | chain(game/max/avg): 4/5/3.7 | reward(game/avg): 10700/8638 | 4.42 games/s | ETA: 33s
[ 154/300] samples:   7610 | chain(game/max/avg): 3/5/3.7 | reward(game/avg): 7640/8631 | 4.45 games/s | ETA: 33s
[ 155/300] samples:   7660 | chain(game/max/avg): 4/5/3.7 | reward(game/avg): 6980/8621 | 4.48 games/s | ETA: 32s
[ 156/300] samples:   7710 | chain(game/max/avg): 4/5/3.7 | reward(game/avg): 8980/8623 | 4.50 games/s | ETA: 32s
[ 157/300] samples:   7760 | chain(game/max/avg): 4/5/3.7 | reward(game/avg): 11470/8641 | 4.53 games/s | ETA: 32s
[ 158/300] samples:   7810 | chain(game/max/avg): 4/5/3.7 | reward(game/avg): 9400/8646 | 4.56 games/s | ETA: 31s
[ 159/300] samples:   7860 | chain(game/max/avg): 4/5/3.7 | reward(game/avg): 6640/8633 | 4.58 games/s | ETA: 31s
[ 160/300] samples:   7910 | chain(game/max/avg): 3/5/3.7 | reward(game/avg): 7480/8626 | 4.61 games/s | ETA: 30s
[ 161/300] samples:   7960 | chain(game/max/avg): 4/5/3.7 | reward(game/avg): 7740/8621 | 4.64 games/s | ETA: 30s
[ 162/300] samples:   8010 | chain(game/max/avg): 4/5/3.7 | reward(game/avg): 7100/8611 | 4.67 games/s | ETA: 30s
[ 163/300] samples:   8060 | chain(game/max/avg): 5/5/3.7 | reward(game/avg): 10340/8622 | 4.69 games/s | ETA: 29s
[ 164/300] samples:   8110 | chain(game/max/avg): 4/5/3.7 | reward(game/avg): 9360/8626 | 4.72 games/s | ETA: 29s
[ 165/300] samples:   8160 | chain(game/max/avg): 3/5/3.7 | reward(game/avg): 6720/8615 | 4.74 games/s | ETA: 28s
[ 166/300] samples:   8210 | chain(game/max/avg): 4/5/3.7 | reward(game/avg): 9600/8621 | 4.77 games/s | ETA: 28s
[ 167/300] samples:   8260 | chain(game/max/avg): 4/5/3.7 | reward(game/avg): 10620/8633 | 4.80 games/s | ETA: 28s
[ 168/300] samples:   8310 | chain(game/max/avg): 4/5/3.7 | reward(game/avg): 8980/8635 | 4.82 games/s | ETA: 27s
[ 169/300] samples:   8360 | chain(game/max/avg): 3/5/3.7 | reward(game/avg): 7480/8628 | 4.85 games/s | ETA: 27s
[ 170/300] samples:   8410 | chain(game/max/avg): 4/5/3.7 | reward(game/avg): 8740/8629 | 4.88 games/s | ETA: 27s
[ 171/300] samples:   8460 | chain(game/max/avg): 3/5/3.7 | reward(game/avg): 6800/8618 | 4.91 games/s | ETA: 26s
[ 172/300] samples:   8510 | chain(game/max/avg): 4/5/3.7 | reward(game/avg): 7080/8609 | 4.93 games/s | ETA: 26s
[ 173/300] samples:   8560 | chain(game/max/avg): 4/5/3.7 | reward(game/avg): 10910/8622 | 4.96 games/s | ETA: 26s
[ 174/300] samples:   8610 | chain(game/max/avg): 4/5/3.7 | reward(game/avg): 10060/8631 | 4.98 games/s | ETA: 25s
[ 175/300] samples:   8660 | chain(game/max/avg): 4/5/3.7 | reward(game/avg): 8400/8629 | 5.01 games/s | ETA: 25s
[ 176/300] samples:   8710 | chain(game/max/avg): 4/5/3.7 | reward(game/avg): 10500/8640 | 5.04 games/s | ETA: 25s
[ 177/300] samples:   8760 | chain(game/max/avg): 3/5/3.7 | reward(game/avg): 7520/8634 | 5.06 games/s | ETA: 24s
[ 178/300] samples:   8810 | chain(game/max/avg): 3/5/3.7 | reward(game/avg): 5760/8617 | 5.09 games/s | ETA: 24s
[ 179/300] samples:   8860 | chain(game/max/avg): 3/5/3.7 | reward(game/avg): 7180/8609 | 5.12 games/s | ETA: 24s
[ 180/300] samples:   8910 | chain(game/max/avg): 4/5/3.7 | reward(game/avg): 10320/8619 | 5.14 games/s | ETA: 23s
[ 181/300] samples:   8960 | chain(game/max/avg): 3/5/3.7 | reward(game/avg): 8760/8620 | 5.17 games/s | ETA: 23s
[ 182/300] samples:   9010 | chain(game/max/avg): 3/5/3.7 | reward(game/avg): 6730/8609 | 5.19 games/s | ETA: 23s
[ 183/300] samples:   9060 | chain(game/max/avg): 3/5/3.7 | reward(game/avg): 9220/8613 | 5.22 games/s | ETA: 22s
[ 184/300] samples:   9110 | chain(game/max/avg): 4/5/3.7 | reward(game/avg): 11360/8628 | 5.25 games/s | ETA: 22s
[ 185/300] samples:   9160 | chain(game/max/avg): 4/5/3.7 | reward(game/avg): 9540/8632 | 5.27 games/s | ETA: 22s
[ 186/300] samples:   9210 | chain(game/max/avg): 3/5/3.7 | reward(game/avg): 7920/8629 | 5.30 games/s | ETA: 22s
[ 187/300] samples:   9260 | chain(game/max/avg): 4/5/3.7 | reward(game/avg): 10810/8640 | 5.33 games/s | ETA: 21s
[ 188/300] samples:   9310 | chain(game/max/avg): 3/5/3.7 | reward(game/avg): 6300/8628 | 5.35 games/s | ETA: 21s
[ 189/300] samples:   9360 | chain(game/max/avg): 3/5/3.7 | reward(game/avg): 8310/8626 | 5.38 games/s | ETA: 21s
[ 190/300] samples:   9410 | chain(game/max/avg): 3/5/3.7 | reward(game/avg): 5600/8610 | 5.41 games/s | ETA: 20s
[ 191/300] samples:   9460 | chain(game/max/avg): 3/5/3.7 | reward(game/avg): 7340/8604 | 5.44 games/s | ETA: 20s
[ 192/300] samples:   9510 | chain(game/max/avg): 4/5/3.7 | reward(game/avg): 10820/8615 | 5.46 games/s | ETA: 20s
[ 193/300] samples:   9560 | chain(game/max/avg): 3/5/3.7 | reward(game/avg): 6800/8606 | 5.48 games/s | ETA: 20s
[ 194/300] samples:   9610 | chain(game/max/avg): 3/5/3.7 | reward(game/avg): 8180/8604 | 5.51 games/s | ETA: 19s
[ 195/300] samples:   9660 | chain(game/max/avg): 3/5/3.7 | reward(game/avg): 7640/8599 | 5.54 games/s | ETA: 19s
[ 196/300] samples:   9710 | chain(game/max/avg): 3/5/3.7 | reward(game/avg): 8480/8598 | 5.55 games/s | ETA: 19s
[ 197/300] samples:   9760 | chain(game/max/avg): 4/5/3.7 | reward(game/avg): 9340/8602 | 5.58 games/s | ETA: 18s
[ 198/300] samples:   9810 | chain(game/max/avg): 3/5/3.7 | reward(game/avg): 6000/8589 | 5.59 games/s | ETA: 18s
[ 199/300] samples:   9860 | chain(game/max/avg): 4/5/3.7 | reward(game/avg): 6400/8578 | 5.61 games/s | ETA: 18s
[ 200/300] samples:   9910 | chain(game/max/avg): 4/5/3.7 | reward(game/avg): 6960/8570 | 5.64 games/s | ETA: 18s
[ 201/300] samples:   9942 | chain(game/max/avg): 4/5/3.7 | reward(game/avg): 3760/8546 | 5.58 games/s | ETA: 18s
[ 202/300] samples:   9992 | chain(game/max/avg): 3/5/3.7 | reward(game/avg): 6780/8537 | 5.40 games/s | ETA: 18s
[ 203/300] samples:  10010 | chain(game/max/avg): 1/5/3.7 | reward(game/avg): 260/8496 | 5.28 games/s | ETA: 18s
[ 204/300] samples:  10060 | chain(game/max/avg): 4/5/3.7 | reward(game/avg): 8860/8498 | 4.52 games/s | ETA: 21s
[ 205/300] samples:  10110 | chain(game/max/avg): 3/5/3.7 | reward(game/avg): 6620/8489 | 4.53 games/s | ETA: 21s
[ 206/300] samples:  10145 | chain(game/max/avg): 4/5/3.7 | reward(game/avg): 4580/8470 | 4.54 games/s | ETA: 21s
[ 207/300] samples:  10195 | chain(game/max/avg): 4/5/3.7 | reward(game/avg): 7550/8465 | 4.22 games/s | ETA: 22s
[ 208/300] samples:  10245 | chain(game/max/avg): 3/5/3.7 | reward(game/avg): 8320/8465 | 4.20 games/s | ETA: 22s
[ 209/300] samples:  10295 | chain(game/max/avg): 3/5/3.7 | reward(game/avg): 7480/8460 | 4.20 games/s | ETA: 22s
[ 210/300] samples:  10345 | chain(game/max/avg): 3/5/3.7 | reward(game/avg): 9380/8464 | 4.15 games/s | ETA: 22s
[ 211/300] samples:  10395 | chain(game/max/avg): 3/5/3.7 | reward(game/avg): 6960/8457 | 4.16 games/s | ETA: 21s
[ 212/300] samples:  10445 | chain(game/max/avg): 4/5/3.7 | reward(game/avg): 9260/8461 | 4.16 games/s | ETA: 21s
[ 213/300] samples:  10495 | chain(game/max/avg): 4/5/3.7 | reward(game/avg): 8180/8460 | 4.18 games/s | ETA: 21s
[ 214/300] samples:  10545 | chain(game/max/avg): 4/5/3.7 | reward(game/avg): 9180/8463 | 4.15 games/s | ETA: 21s
[ 215/300] samples:  10595 | chain(game/max/avg): 4/5/3.7 | reward(game/avg): 8780/8464 | 4.14 games/s | ETA: 21s
[ 216/300] samples:  10645 | chain(game/max/avg): 4/5/3.7 | reward(game/avg): 9530/8469 | 4.16 games/s | ETA: 20s
[ 217/300] samples:  10695 | chain(game/max/avg): 4/5/3.7 | reward(game/avg): 6930/8462 | 4.16 games/s | ETA: 20s
[ 218/300] samples:  10745 | chain(game/max/avg): 4/5/3.7 | reward(game/avg): 9080/8465 | 4.17 games/s | ETA: 20s
[ 219/300] samples:  10795 | chain(game/max/avg): 4/5/3.7 | reward(game/avg): 10120/8473 | 4.14 games/s | ETA: 20s
[ 220/300] samples:  10845 | chain(game/max/avg): 4/5/3.7 | reward(game/avg): 8230/8472 | 4.15 games/s | ETA: 19s
[ 221/300] samples:  10895 | chain(game/max/avg): 4/5/3.7 | reward(game/avg): 8270/8471 | 4.17 games/s | ETA: 19s
[ 222/300] samples:  10945 | chain(game/max/avg): 4/5/3.7 | reward(game/avg): 9380/8475 | 4.19 games/s | ETA: 19s
[ 223/300] samples:  10995 | chain(game/max/avg): 4/5/3.7 | reward(game/avg): 8030/8473 | 4.20 games/s | ETA: 18s
[ 224/300] samples:  11045 | chain(game/max/avg): 4/5/3.7 | reward(game/avg): 8960/8475 | 4.18 games/s | ETA: 18s
[ 225/300] samples:  11095 | chain(game/max/avg): 4/5/3.7 | reward(game/avg): 7780/8472 | 4.20 games/s | ETA: 18s
[ 226/300] samples:  11145 | chain(game/max/avg): 3/5/3.7 | reward(game/avg): 5840/8460 | 4.19 games/s | ETA: 18s
[ 227/300] samples:  11195 | chain(game/max/avg): 4/5/3.7 | reward(game/avg): 7680/8457 | 4.19 games/s | ETA: 17s
[ 228/300] samples:  11245 | chain(game/max/avg): 4/5/3.7 | reward(game/avg): 7880/8454 | 4.19 games/s | ETA: 17s
[ 229/300] samples:  11295 | chain(game/max/avg): 4/5/3.7 | reward(game/avg): 8160/8453 | 4.20 games/s | ETA: 17s
[ 230/300] samples:  11345 | chain(game/max/avg): 4/5/3.7 | reward(game/avg): 9910/8459 | 4.19 games/s | ETA: 17s
[ 231/300] samples:  11395 | chain(game/max/avg): 3/5/3.7 | reward(game/avg): 7440/8455 | 4.21 games/s | ETA: 16s
[ 232/300] samples:  11445 | chain(game/max/avg): 3/5/3.7 | reward(game/avg): 6780/8448 | 4.22 games/s | ETA: 16s
[ 233/300] samples:  11495 | chain(game/max/avg): 5/5/3.7 | reward(game/avg): 10030/8454 | 4.23 games/s | ETA: 16s
[ 234/300] samples:  11545 | chain(game/max/avg): 4/5/3.7 | reward(game/avg): 9160/8457 | 4.17 games/s | ETA: 16s
[ 235/300] samples:  11595 | chain(game/max/avg): 4/5/3.7 | reward(game/avg): 8170/8456 | 4.18 games/s | ETA: 16s
[ 236/300] samples:  11645 | chain(game/max/avg): 4/5/3.7 | reward(game/avg): 10640/8465 | 4.14 games/s | ETA: 15s
[ 237/300] samples:  11695 | chain(game/max/avg): 3/5/3.7 | reward(game/avg): 7880/8463 | 4.16 games/s | ETA: 15s
[ 238/300] samples:  11745 | chain(game/max/avg): 4/5/3.7 | reward(game/avg): 9240/8466 | 4.17 games/s | ETA: 15s
[ 239/300] samples:  11795 | chain(game/max/avg): 4/5/3.7 | reward(game/avg): 11410/8479 | 4.19 games/s | ETA: 15s
[ 240/300] samples:  11845 | chain(game/max/avg): 3/5/3.7 | reward(game/avg): 6920/8472 | 4.21 games/s | ETA: 14s
[ 241/300] samples:  11895 | chain(game/max/avg): 4/5/3.7 | reward(game/avg): 9960/8478 | 4.22 games/s | ETA: 14s
[ 242/300] samples:  11945 | chain(game/max/avg): 4/5/3.7 | reward(game/avg): 10380/8486 | 4.24 games/s | ETA: 14s
[ 243/300] samples:  11995 | chain(game/max/avg): 3/5/3.7 | reward(game/avg): 6220/8477 | 4.25 games/s | ETA: 13s
[ 244/300] samples:  12045 | chain(game/max/avg): 3/5/3.7 | reward(game/avg): 8220/8476 | 4.27 games/s | ETA: 13s
[ 245/300] samples:  12095 | chain(game/max/avg): 4/5/3.7 | reward(game/avg): 11080/8486 | 4.28 games/s | ETA: 13s
[ 246/300] samples:  12145 | chain(game/max/avg): 4/5/3.7 | reward(game/avg): 8200/8485 | 4.30 games/s | ETA: 13s
[ 247/300] samples:  12195 | chain(game/max/avg): 3/5/3.7 | reward(game/avg): 6280/8476 | 4.32 games/s | ETA: 12s
[ 248/300] samples:  12245 | chain(game/max/avg): 3/5/3.7 | reward(game/avg): 7640/8473 | 4.33 games/s | ETA: 12s
[ 249/300] samples:  12295 | chain(game/max/avg): 3/5/3.7 | reward(game/avg): 6000/8463 | 4.35 games/s | ETA: 12s
[ 250/300] samples:  12345 | chain(game/max/avg): 4/5/3.7 | reward(game/avg): 7100/8458 | 4.37 games/s | ETA: 11s
[ 251/300] samples:  12395 | chain(game/max/avg): 3/5/3.7 | reward(game/avg): 8020/8456 | 4.38 games/s | ETA: 11s
[ 252/300] samples:  12445 | chain(game/max/avg): 3/5/3.7 | reward(game/avg): 7860/8453 | 4.38 games/s | ETA: 11s
[ 253/300] samples:  12495 | chain(game/max/avg): 4/5/3.7 | reward(game/avg): 7690/8450 | 4.39 games/s | ETA: 11s
[ 254/300] samples:  12545 | chain(game/max/avg): 4/5/3.7 | reward(game/avg): 9900/8456 | 4.41 games/s | ETA: 10s
[ 255/300] samples:  12595 | chain(game/max/avg): 5/5/3.7 | reward(game/avg): 12020/8470 | 4.42 games/s | ETA: 10s
[ 256/300] samples:  12645 | chain(game/max/avg): 4/5/3.7 | reward(game/avg): 8520/8470 | 4.44 games/s | ETA: 10s
[ 257/300] samples:  12695 | chain(game/max/avg): 4/5/3.7 | reward(game/avg): 10810/8479 | 4.46 games/s | ETA: 10s
[ 258/300] samples:  12745 | chain(game/max/avg): 4/5/3.7 | reward(game/avg): 10360/8487 | 4.47 games/s | ETA: 9s
[ 259/300] samples:  12795 | chain(game/max/avg): 4/5/3.7 | reward(game/avg): 9900/8492 | 4.49 games/s | ETA: 9s
[ 260/300] samples:  12845 | chain(game/max/avg): 4/5/3.7 | reward(game/avg): 7720/8489 | 4.51 games/s | ETA: 9s
[ 261/300] samples:  12895 | chain(game/max/avg): 3/5/3.7 | reward(game/avg): 6580/8482 | 4.52 games/s | ETA: 9s
[ 262/300] samples:  12945 | chain(game/max/avg): 4/5/3.7 | reward(game/avg): 9280/8485 | 4.53 games/s | ETA: 8s
[ 263/300] samples:  12995 | chain(game/max/avg): 4/5/3.7 | reward(game/avg): 8640/8485 | 4.55 games/s | ETA: 8s
[ 264/300] samples:  13045 | chain(game/max/avg): 4/5/3.7 | reward(game/avg): 8200/8484 | 4.57 games/s | ETA: 8s
[ 265/300] samples:  13095 | chain(game/max/avg): 3/5/3.7 | reward(game/avg): 8580/8485 | 4.58 games/s | ETA: 8s
[ 266/300] samples:  13145 | chain(game/max/avg): 3/5/3.7 | reward(game/avg): 8140/8483 | 4.60 games/s | ETA: 7s
[ 267/300] samples:  13195 | chain(game/max/avg): 4/5/3.7 | reward(game/avg): 9940/8489 | 4.62 games/s | ETA: 7s
[ 268/300] samples:  13245 | chain(game/max/avg): 3/5/3.7 | reward(game/avg): 9040/8491 | 4.57 games/s | ETA: 7s
[ 269/300] samples:  13295 | chain(game/max/avg): 4/5/3.7 | reward(game/avg): 7720/8488 | 4.58 games/s | ETA: 7s
[ 270/300] samples:  13345 | chain(game/max/avg): 3/5/3.7 | reward(game/avg): 8740/8489 | 4.60 games/s | ETA: 7s
[ 271/300] samples:  13395 | chain(game/max/avg): 4/5/3.7 | reward(game/avg): 9160/8492 | 4.62 games/s | ETA: 6s
[ 272/300] samples:  13445 | chain(game/max/avg): 4/5/3.7 | reward(game/avg): 9880/8497 | 4.63 games/s | ETA: 6s
[ 273/300] samples:  13495 | chain(game/max/avg): 4/5/3.7 | reward(game/avg): 8860/8498 | 4.65 games/s | ETA: 6s
[ 274/300] samples:  13545 | chain(game/max/avg): 4/5/3.7 | reward(game/avg): 9160/8500 | 4.67 games/s | ETA: 6s
[ 275/300] samples:  13595 | chain(game/max/avg): 4/5/3.7 | reward(game/avg): 10880/8509 | 4.68 games/s | ETA: 5s
[ 276/300] samples:  13645 | chain(game/max/avg): 4/5/3.7 | reward(game/avg): 11320/8519 | 4.70 games/s | ETA: 5s
[ 277/300] samples:  13695 | chain(game/max/avg): 3/5/3.7 | reward(game/avg): 9270/8522 | 4.71 games/s | ETA: 5s
[ 278/300] samples:  13745 | chain(game/max/avg): 4/5/3.7 | reward(game/avg): 9080/8524 | 4.73 games/s | ETA: 5s
[ 279/300] samples:  13795 | chain(game/max/avg): 4/5/3.7 | reward(game/avg): 8760/8525 | 4.74 games/s | ETA: 4s
[ 280/300] samples:  13845 | chain(game/max/avg): 4/5/3.7 | reward(game/avg): 9220/8527 | 4.76 games/s | ETA: 4s
[ 281/300] samples:  13895 | chain(game/max/avg): 4/5/3.7 | reward(game/avg): 10980/8536 | 4.78 games/s | ETA: 4s
[ 282/300] samples:  13945 | chain(game/max/avg): 4/5/3.7 | reward(game/avg): 9180/8538 | 4.78 games/s | ETA: 4s
[ 283/300] samples:  13995 | chain(game/max/avg): 3/5/3.7 | reward(game/avg): 6000/8529 | 4.80 games/s | ETA: 4s
[ 284/300] samples:  14045 | chain(game/max/avg): 4/5/3.7 | reward(game/avg): 9700/8533 | 4.81 games/s | ETA: 3s
[ 285/300] samples:  14095 | chain(game/max/avg): 4/5/3.7 | reward(game/avg): 11000/8542 | 4.83 games/s | ETA: 3s
[ 286/300] samples:  14145 | chain(game/max/avg): 3/5/3.7 | reward(game/avg): 7440/8538 | 4.84 games/s | ETA: 3s
[ 287/300] samples:  14195 | chain(game/max/avg): 4/5/3.7 | reward(game/avg): 11640/8549 | 4.86 games/s | ETA: 3s
[ 288/300] samples:  14245 | chain(game/max/avg): 4/5/3.7 | reward(game/avg): 9620/8553 | 4.87 games/s | ETA: 2s
[ 289/300] samples:  14295 | chain(game/max/avg): 4/5/3.7 | reward(game/avg): 8140/8551 | 4.89 games/s | ETA: 2s
[ 290/300] samples:  14345 | chain(game/max/avg): 3/5/3.7 | reward(game/avg): 6180/8543 | 4.87 games/s | ETA: 2s
[ 291/300] samples:  14395 | chain(game/max/avg): 3/5/3.7 | reward(game/avg): 7860/8541 | 4.86 games/s | ETA: 2s
[ 292/300] samples:  14445 | chain(game/max/avg): 4/5/3.7 | reward(game/avg): 9180/8543 | 4.87 games/s | ETA: 2s
[ 293/300] samples:  14495 | chain(game/max/avg): 3/5/3.7 | reward(game/avg): 7840/8541 | 4.88 games/s | ETA: 1s
[ 294/300] samples:  14545 | chain(game/max/avg): 3/5/3.7 | reward(game/avg): 7520/8537 | 4.90 games/s | ETA: 1s
[ 295/300] samples:  14595 | chain(game/max/avg): 4/5/3.7 | reward(game/avg): 7050/8532 | 4.91 games/s | ETA: 1s
[ 296/300] samples:  14645 | chain(game/max/avg): 4/5/3.7 | reward(game/avg): 9720/8536 | 4.92 games/s | ETA: 1s
[ 297/300] samples:  14695 | chain(game/max/avg): 4/5/3.7 | reward(game/avg): 8340/8535 | 4.93 games/s | ETA: 1s
[ 298/300] samples:  14745 | chain(game/max/avg): 3/5/3.7 | reward(game/avg): 8040/8534 | 4.93 games/s | ETA: 0s
[ 299/300] samples:  14795 | chain(game/max/avg): 3/5/3.7 | reward(game/avg): 7340/8530 | 4.94 games/s | ETA: 0s
[ 300/300] samples:  14845 | chain(game/max/avg): 3/5/3.7 | reward(game/avg): 8440/8529 | 4.95 games/s | ETA: 0s
Self-play complete: 300 games, 14845 samples, max chain: 5
Saved to runs/develop/data/alphazero_iter_401.bin
[2026-04-05 05:01:52] Removing old data: runs/develop/data/alphazero_iter_371.bin
[2026-04-05 05:02:00] Train start (AlphaZero mode, replay buffer, global_step=400000)
   Compiling puyo-trainer v0.1.0 (/workspaces/puyopuyo-ai/crates/puyo/puyo-trainer)
    Finished `release` profile [optimized] target(s) in 49.13s
     Running `target/release/train --alphazero --data-dir runs/develop/data --global-step 400000 --model-path runs/develop/artifacts/puyo_model --artifacts-dir runs/develop/artifacts --batch-size 512 --accum-steps 4 --cols 3 --rows 8 --num-colors 3 --residual-channels 64 --num-blocks 6 --policy-conv-channels 2 --value-conv-channels 1 --value-hidden 64 --film-hidden 128`
Backend: CUDA (GPU)
Game config: cols=3, rows=8, num_colors=3
Net config: residual_channels=64, num_blocks=6
Mode: AlphaZero (Policy CE + Value MSE)
Loading AlphaZero datasets from runs/develop/data...
Found 30 data files
  Loaded 14775 samples from runs/develop/data/alphazero_iter_372.bin
  Loaded 14845 samples from runs/develop/data/alphazero_iter_373.bin
  Loaded 14929 samples from runs/develop/data/alphazero_iter_374.bin
  Loaded 14832 samples from runs/develop/data/alphazero_iter_375.bin
  Loaded 14627 samples from runs/develop/data/alphazero_iter_376.bin
  Loaded 14760 samples from runs/develop/data/alphazero_iter_377.bin
  Loaded 14841 samples from runs/develop/data/alphazero_iter_378.bin
  Loaded 14658 samples from runs/develop/data/alphazero_iter_379.bin
  Loaded 14687 samples from runs/develop/data/alphazero_iter_380.bin
  Loaded 14842 samples from runs/develop/data/alphazero_iter_381.bin
  Loaded 14829 samples from runs/develop/data/alphazero_iter_382.bin
  Loaded 14739 samples from runs/develop/data/alphazero_iter_383.bin
  Loaded 14838 samples from runs/develop/data/alphazero_iter_384.bin
  Loaded 14753 samples from runs/develop/data/alphazero_iter_385.bin
  Loaded 14735 samples from runs/develop/data/alphazero_iter_386.bin
  Loaded 14844 samples from runs/develop/data/alphazero_iter_387.bin
  Loaded 14636 samples from runs/develop/data/alphazero_iter_388.bin
  Loaded 14901 samples from runs/develop/data/alphazero_iter_389.bin
  Loaded 14847 samples from runs/develop/data/alphazero_iter_390.bin
  Loaded 14670 samples from runs/develop/data/alphazero_iter_391.bin
  Loaded 14814 samples from runs/develop/data/alphazero_iter_392.bin
  Loaded 14720 samples from runs/develop/data/alphazero_iter_393.bin
  Loaded 14808 samples from runs/develop/data/alphazero_iter_394.bin
  Loaded 14763 samples from runs/develop/data/alphazero_iter_395.bin
  Loaded 14819 samples from runs/develop/data/alphazero_iter_396.bin
  Loaded 14774 samples from runs/develop/data/alphazero_iter_397.bin
  Loaded 14779 samples from runs/develop/data/alphazero_iter_398.bin
  Loaded 14889 samples from runs/develop/data/alphazero_iter_399.bin
  Loaded 14830 samples from runs/develop/data/alphazero_iter_400.bin
  Loaded 14845 samples from runs/develop/data/alphazero_iter_401.bin
Loaded 443629 total samples
Train: 443629 samples (color augmented on-the-fly, no val split)
Loaded existing model from runs/develop/artifacts/puyo_model
AlphaZero training: 1000 steps, global_step=400000, LR 2e-4 (end ~2e-4), batch_size=512, accum_steps=4, effective_batch=2048
  step 50/1000 p_loss=1.2203 v_loss=0.2436 lr=0.000200  step 100/1000 p_loss=1.2210 v_loss=0.2448 lr=0.000200  step 150/1000 p_loss=1.2207 v_loss=0.2443 lr=0.000200  step 200/1000 p_loss=1.2214 v_loss=0.2448 lr=0.000200  step 250/1000 p_loss=1.2214 v_loss=0.2456 lr=0.000200  step 300/1000 p_loss=1.2210 v_loss=0.2449 lr=0.000200  step 350/1000 p_loss=1.2216 v_loss=0.2439 lr=0.000200  step 400/1000 p_loss=1.2216 v_loss=0.2444 lr=0.000200  step 450/1000 p_loss=1.2216 v_loss=0.2453 lr=0.000200  step 500/1000 p_loss=1.2221 v_loss=0.2454 lr=0.000200  step 550/1000 p_loss=1.2221 v_loss=0.2457 lr=0.000200  step 600/1000 p_loss=1.2223 v_loss=0.2459 lr=0.000200  step 650/1000 p_loss=1.2219 v_loss=0.2463 lr=0.000200  step 700/1000 p_loss=1.2219 v_loss=0.2467 lr=0.000200  step 750/1000 p_loss=1.2217 v_loss=0.2466 lr=0.000200  step 800/1000 p_loss=1.2216 v_loss=0.2467 lr=0.000200  step 850/1000 p_loss=1.2213 v_loss=0.2466 lr=0.000200  step 900/1000 p_loss=1.2210 v_loss=0.2469 lr=0.000200  step 950/1000 p_loss=1.2210 v_loss=0.2467 lr=0.000200  step 1000/1000 p_loss=1.2209 v_loss=0.2470 lr=0.000200
Model metadata saved to runs/develop/artifacts/puyo_model.config.json
AlphaZero training complete. final train_loss(p=1.220882, v=0.246973) global_step=401000
