[2026-04-03 13:02:36] === AlphaZero Loop Start (iteration=169, games=300, sims=64+0/iter, max=64, min_chain=0) ===
[2026-04-03 13:02:36] --- Iteration 169 (sims=64, global_step=168000) ---
[2026-04-03 13:02:36] Self-play start (m=16, c_visit=50.0)
   Compiling az-framework v0.1.0 (/workspaces/puyopuyo-ai/crates/az-framework)
   Compiling puyo-player v0.1.0 (/workspaces/puyopuyo-ai/crates/puyo/puyo-player)
   Compiling puyo-trainer v0.1.0 (/workspaces/puyopuyo-ai/crates/puyo/puyo-trainer)
    Finished `release` profile [optimized] target(s) in 54.14s
     Running `target/release/self-play --games 300 --simulations 64 --c-puct-init 1.5 --m 16 --c-visit 50.0 --gamma 0.95 --min-chain 0 --output data/alphazero_iter_169.bin`
games=300, simulations=64, c_puct_init=1.5, c_puct_base=19652, m=16, c_visit=50, gamma=0.95
Backend: CudaJit (GPU) — Gumbel MCTS self-play (batched)
Loaded existing model from artifacts/puyo_model
Using 128 game threads, max_batch_size=128
[   1/300] samples:     21 | chain(game/max/avg): 3/3/3.0 | reward(game/avg): 2080/2080 | 0.07 games/s | ETA: 4597s
[   2/300] samples:     52 | chain(game/max/avg): 3/3/3.0 | reward(game/avg): 2100/2090 | 0.11 games/s | ETA: 2750s
[   3/300] samples:    102 | chain(game/max/avg): 4/4/3.3 | reward(game/avg): 7760/3980 | 0.11 games/s | ETA: 2609s
[   4/300] samples:    152 | chain(game/max/avg): 3/4/3.2 | reward(game/avg): 6540/4620 | 0.15 games/s | ETA: 1991s
[   5/300] samples:    202 | chain(game/max/avg): 3/4/3.2 | reward(game/avg): 7920/5280 | 0.18 games/s | ETA: 1602s
[   6/300] samples:    252 | chain(game/max/avg): 4/4/3.3 | reward(game/avg): 9480/5980 | 0.22 games/s | ETA: 1331s
[   7/300] samples:    302 | chain(game/max/avg): 4/4/3.4 | reward(game/avg): 9720/6514 | 0.26 games/s | ETA: 1139s
[   8/300] samples:    352 | chain(game/max/avg): 3/4/3.4 | reward(game/avg): 6360/6495 | 0.29 games/s | ETA: 993s
[   9/300] samples:    402 | chain(game/max/avg): 3/4/3.3 | reward(game/avg): 6940/6544 | 0.33 games/s | ETA: 880s
[  10/300] samples:    452 | chain(game/max/avg): 5/5/3.5 | reward(game/avg): 11180/7008 | 0.37 games/s | ETA: 791s
[  11/300] samples:    502 | chain(game/max/avg): 4/5/3.5 | reward(game/avg): 8610/7154 | 0.40 games/s | ETA: 717s
[  12/300] samples:    552 | chain(game/max/avg): 4/5/3.6 | reward(game/avg): 9480/7348 | 0.44 games/s | ETA: 656s
[  13/300] samples:    602 | chain(game/max/avg): 3/5/3.5 | reward(game/avg): 6390/7274 | 0.48 games/s | ETA: 603s
[  14/300] samples:    652 | chain(game/max/avg): 3/5/3.5 | reward(game/avg): 6690/7232 | 0.51 games/s | ETA: 559s
[  15/300] samples:    702 | chain(game/max/avg): 4/5/3.5 | reward(game/avg): 8760/7334 | 0.55 games/s | ETA: 520s
[  16/300] samples:    752 | chain(game/max/avg): 3/5/3.5 | reward(game/avg): 7500/7344 | 0.58 games/s | ETA: 488s
[  17/300] samples:    802 | chain(game/max/avg): 3/5/3.5 | reward(game/avg): 9290/7459 | 0.62 games/s | ETA: 458s
[  18/300] samples:    852 | chain(game/max/avg): 4/5/3.5 | reward(game/avg): 8160/7498 | 0.65 games/s | ETA: 431s
[  19/300] samples:    902 | chain(game/max/avg): 3/5/3.5 | reward(game/avg): 7420/7494 | 0.69 games/s | ETA: 408s
[  20/300] samples:    952 | chain(game/max/avg): 3/5/3.5 | reward(game/avg): 7590/7498 | 0.72 games/s | ETA: 387s
[  21/300] samples:   1002 | chain(game/max/avg): 4/5/3.5 | reward(game/avg): 9880/7612 | 0.76 games/s | ETA: 367s
[  22/300] samples:   1052 | chain(game/max/avg): 4/5/3.5 | reward(game/avg): 8390/7647 | 0.80 games/s | ETA: 349s
[  23/300] samples:   1102 | chain(game/max/avg): 4/5/3.5 | reward(game/avg): 7560/7643 | 0.83 games/s | ETA: 333s
[  24/300] samples:   1152 | chain(game/max/avg): 4/5/3.5 | reward(game/avg): 7620/7642 | 0.87 games/s | ETA: 318s
[  25/300] samples:   1202 | chain(game/max/avg): 4/5/3.6 | reward(game/avg): 7210/7625 | 0.90 games/s | ETA: 304s
[  26/300] samples:   1252 | chain(game/max/avg): 4/5/3.6 | reward(game/avg): 7920/7637 | 0.94 games/s | ETA: 292s
[  27/300] samples:   1302 | chain(game/max/avg): 4/5/3.6 | reward(game/avg): 8700/7676 | 0.98 games/s | ETA: 280s
[  28/300] samples:   1352 | chain(game/max/avg): 3/5/3.6 | reward(game/avg): 7360/7665 | 1.01 games/s | ETA: 269s
[  29/300] samples:   1402 | chain(game/max/avg): 4/5/3.6 | reward(game/avg): 9190/7717 | 1.05 games/s | ETA: 259s
[  30/300] samples:   1452 | chain(game/max/avg): 3/5/3.6 | reward(game/avg): 7190/7700 | 1.08 games/s | ETA: 249s
[  31/300] samples:   1502 | chain(game/max/avg): 4/5/3.6 | reward(game/avg): 8580/7728 | 1.12 games/s | ETA: 240s
[  32/300] samples:   1552 | chain(game/max/avg): 4/5/3.6 | reward(game/avg): 9280/7777 | 1.15 games/s | ETA: 232s
[  33/300] samples:   1602 | chain(game/max/avg): 3/5/3.6 | reward(game/avg): 6220/7729 | 1.19 games/s | ETA: 225s
[  34/300] samples:   1652 | chain(game/max/avg): 4/5/3.6 | reward(game/avg): 7660/7727 | 1.22 games/s | ETA: 217s
[  35/300] samples:   1702 | chain(game/max/avg): 3/5/3.6 | reward(game/avg): 7060/7708 | 1.26 games/s | ETA: 210s
[  36/300] samples:   1752 | chain(game/max/avg): 4/5/3.6 | reward(game/avg): 8160/7721 | 1.30 games/s | ETA: 204s
[  37/300] samples:   1802 | chain(game/max/avg): 4/5/3.6 | reward(game/avg): 10540/7797 | 1.33 games/s | ETA: 198s
[  38/300] samples:   1852 | chain(game/max/avg): 4/5/3.6 | reward(game/avg): 9430/7840 | 1.37 games/s | ETA: 192s
[  39/300] samples:   1902 | chain(game/max/avg): 4/5/3.6 | reward(game/avg): 9700/7888 | 1.40 games/s | ETA: 186s
[  40/300] samples:   1952 | chain(game/max/avg): 3/5/3.6 | reward(game/avg): 5700/7833 | 1.44 games/s | ETA: 181s
[  41/300] samples:   2002 | chain(game/max/avg): 4/5/3.6 | reward(game/avg): 8060/7839 | 1.47 games/s | ETA: 176s
[  42/300] samples:   2052 | chain(game/max/avg): 3/5/3.6 | reward(game/avg): 8960/7865 | 1.50 games/s | ETA: 171s
[  43/300] samples:   2102 | chain(game/max/avg): 3/5/3.6 | reward(game/avg): 5560/7812 | 1.54 games/s | ETA: 167s
[  44/300] samples:   2152 | chain(game/max/avg): 3/5/3.6 | reward(game/avg): 7910/7814 | 1.58 games/s | ETA: 163s
[  45/300] samples:   2202 | chain(game/max/avg): 4/5/3.6 | reward(game/avg): 6920/7794 | 1.61 games/s | ETA: 158s
[  46/300] samples:   2252 | chain(game/max/avg): 4/5/3.6 | reward(game/avg): 9980/7842 | 1.65 games/s | ETA: 154s
[  47/300] samples:   2302 | chain(game/max/avg): 4/5/3.6 | reward(game/avg): 7480/7834 | 1.68 games/s | ETA: 150s
[  48/300] samples:   2352 | chain(game/max/avg): 4/5/3.6 | reward(game/avg): 9620/7871 | 1.72 games/s | ETA: 147s
[  49/300] samples:   2402 | chain(game/max/avg): 3/5/3.6 | reward(game/avg): 5760/7828 | 1.75 games/s | ETA: 143s
[  50/300] samples:   2452 | chain(game/max/avg): 3/5/3.6 | reward(game/avg): 8460/7841 | 1.79 games/s | ETA: 140s
[  51/300] samples:   2502 | chain(game/max/avg): 3/5/3.6 | reward(game/avg): 6810/7820 | 1.82 games/s | ETA: 137s
[  52/300] samples:   2552 | chain(game/max/avg): 3/5/3.6 | reward(game/avg): 7480/7814 | 1.86 games/s | ETA: 133s
[  53/300] samples:   2602 | chain(game/max/avg): 4/5/3.6 | reward(game/avg): 8540/7828 | 1.89 games/s | ETA: 130s
[  54/300] samples:   2652 | chain(game/max/avg): 4/5/3.6 | reward(game/avg): 8480/7840 | 1.93 games/s | ETA: 128s
[  55/300] samples:   2702 | chain(game/max/avg): 3/5/3.6 | reward(game/avg): 4860/7785 | 1.96 games/s | ETA: 125s
[  56/300] samples:   2752 | chain(game/max/avg): 3/5/3.6 | reward(game/avg): 7260/7776 | 2.00 games/s | ETA: 122s
[  57/300] samples:   2802 | chain(game/max/avg): 3/5/3.5 | reward(game/avg): 6960/7762 | 2.03 games/s | ETA: 120s
[  58/300] samples:   2852 | chain(game/max/avg): 3/5/3.5 | reward(game/avg): 8120/7768 | 2.07 games/s | ETA: 117s
[  59/300] samples:   2902 | chain(game/max/avg): 4/5/3.5 | reward(game/avg): 9280/7794 | 2.10 games/s | ETA: 115s
[  60/300] samples:   2952 | chain(game/max/avg): 4/5/3.5 | reward(game/avg): 8080/7798 | 2.14 games/s | ETA: 112s
[  61/300] samples:   3002 | chain(game/max/avg): 3/5/3.5 | reward(game/avg): 8520/7810 | 2.17 games/s | ETA: 110s
[  62/300] samples:   3052 | chain(game/max/avg): 4/5/3.5 | reward(game/avg): 11700/7873 | 2.21 games/s | ETA: 108s
[  63/300] samples:   3102 | chain(game/max/avg): 3/5/3.5 | reward(game/avg): 8360/7881 | 2.24 games/s | ETA: 106s
[  64/300] samples:   3152 | chain(game/max/avg): 4/5/3.5 | reward(game/avg): 9620/7908 | 2.28 games/s | ETA: 104s
[  65/300] samples:   3202 | chain(game/max/avg): 4/5/3.6 | reward(game/avg): 10360/7946 | 2.31 games/s | ETA: 102s
[  66/300] samples:   3252 | chain(game/max/avg): 4/5/3.6 | reward(game/avg): 10200/7980 | 2.35 games/s | ETA: 100s
[  67/300] samples:   3302 | chain(game/max/avg): 4/5/3.6 | reward(game/avg): 7840/7978 | 2.38 games/s | ETA: 98s
[  68/300] samples:   3352 | chain(game/max/avg): 4/5/3.6 | reward(game/avg): 8160/7980 | 2.41 games/s | ETA: 96s
[  69/300] samples:   3402 | chain(game/max/avg): 4/5/3.6 | reward(game/avg): 8940/7994 | 2.45 games/s | ETA: 94s
[  70/300] samples:   3452 | chain(game/max/avg): 3/5/3.6 | reward(game/avg): 7400/7986 | 2.48 games/s | ETA: 93s
[  71/300] samples:   3502 | chain(game/max/avg): 3/5/3.6 | reward(game/avg): 6020/7958 | 2.51 games/s | ETA: 91s
[  72/300] samples:   3552 | chain(game/max/avg): 4/5/3.6 | reward(game/avg): 8180/7961 | 2.55 games/s | ETA: 89s
[  73/300] samples:   3602 | chain(game/max/avg): 4/5/3.6 | reward(game/avg): 10080/7990 | 2.58 games/s | ETA: 88s
[  74/300] samples:   3652 | chain(game/max/avg): 2/5/3.6 | reward(game/avg): 5040/7950 | 2.62 games/s | ETA: 86s
[  75/300] samples:   3702 | chain(game/max/avg): 4/5/3.6 | reward(game/avg): 9200/7967 | 2.65 games/s | ETA: 85s
[  76/300] samples:   3752 | chain(game/max/avg): 4/5/3.6 | reward(game/avg): 10240/7997 | 2.69 games/s | ETA: 83s
[  77/300] samples:   3802 | chain(game/max/avg): 3/5/3.6 | reward(game/avg): 9020/8010 | 2.72 games/s | ETA: 82s
[  78/300] samples:   3852 | chain(game/max/avg): 4/5/3.6 | reward(game/avg): 7460/8003 | 2.75 games/s | ETA: 81s
[  79/300] samples:   3902 | chain(game/max/avg): 3/5/3.6 | reward(game/avg): 6740/7987 | 2.79 games/s | ETA: 79s
[  80/300] samples:   3952 | chain(game/max/avg): 4/5/3.6 | reward(game/avg): 10140/8014 | 2.82 games/s | ETA: 78s
[  81/300] samples:   4002 | chain(game/max/avg): 4/5/3.6 | reward(game/avg): 8340/8018 | 2.85 games/s | ETA: 77s
[  82/300] samples:   4052 | chain(game/max/avg): 4/5/3.6 | reward(game/avg): 7340/8010 | 2.89 games/s | ETA: 75s
[  83/300] samples:   4102 | chain(game/max/avg): 4/5/3.6 | reward(game/avg): 9920/8033 | 2.92 games/s | ETA: 74s
[  84/300] samples:   4152 | chain(game/max/avg): 3/5/3.6 | reward(game/avg): 7180/8023 | 2.96 games/s | ETA: 73s
[  85/300] samples:   4202 | chain(game/max/avg): 4/5/3.6 | reward(game/avg): 9420/8039 | 2.99 games/s | ETA: 72s
[  86/300] samples:   4252 | chain(game/max/avg): 4/5/3.6 | reward(game/avg): 8860/8049 | 3.02 games/s | ETA: 71s
[  87/300] samples:   4302 | chain(game/max/avg): 3/5/3.6 | reward(game/avg): 5220/8016 | 3.06 games/s | ETA: 70s
[  88/300] samples:   4352 | chain(game/max/avg): 3/5/3.6 | reward(game/avg): 9060/8028 | 3.09 games/s | ETA: 68s
[  89/300] samples:   4402 | chain(game/max/avg): 4/5/3.6 | reward(game/avg): 8230/8030 | 3.13 games/s | ETA: 67s
[  90/300] samples:   4452 | chain(game/max/avg): 4/5/3.6 | reward(game/avg): 8330/8034 | 3.16 games/s | ETA: 66s
[  91/300] samples:   4502 | chain(game/max/avg): 4/5/3.6 | reward(game/avg): 10320/8059 | 3.19 games/s | ETA: 65s
[  92/300] samples:   4552 | chain(game/max/avg): 4/5/3.6 | reward(game/avg): 9960/8079 | 3.23 games/s | ETA: 64s
[  93/300] samples:   4602 | chain(game/max/avg): 3/5/3.6 | reward(game/avg): 7320/8071 | 3.26 games/s | ETA: 63s
[  94/300] samples:   4652 | chain(game/max/avg): 4/5/3.6 | reward(game/avg): 10230/8094 | 3.30 games/s | ETA: 62s
[  95/300] samples:   4702 | chain(game/max/avg): 4/5/3.6 | reward(game/avg): 7500/8088 | 3.33 games/s | ETA: 62s
[  96/300] samples:   4752 | chain(game/max/avg): 3/5/3.6 | reward(game/avg): 7200/8079 | 3.37 games/s | ETA: 61s
[  97/300] samples:   4802 | chain(game/max/avg): 4/5/3.6 | reward(game/avg): 9280/8091 | 3.40 games/s | ETA: 60s
[  98/300] samples:   4852 | chain(game/max/avg): 3/5/3.6 | reward(game/avg): 7860/8089 | 3.43 games/s | ETA: 59s
[  99/300] samples:   4902 | chain(game/max/avg): 4/5/3.6 | reward(game/avg): 9340/8101 | 3.47 games/s | ETA: 58s
[ 100/300] samples:   4952 | chain(game/max/avg): 3/5/3.6 | reward(game/avg): 7800/8098 | 3.50 games/s | ETA: 57s
[ 101/300] samples:   4965 | chain(game/max/avg): 1/5/3.6 | reward(game/avg): 100/8019 | 3.12 games/s | ETA: 64s
[ 102/300] samples:   5015 | chain(game/max/avg): 3/5/3.5 | reward(game/avg): 6160/8001 | 2.94 games/s | ETA: 67s
[ 103/300] samples:   5065 | chain(game/max/avg): 3/5/3.5 | reward(game/avg): 8690/8008 | 2.86 games/s | ETA: 69s
[ 104/300] samples:   5096 | chain(game/max/avg): 3/5/3.5 | reward(game/avg): 2620/7956 | 2.77 games/s | ETA: 71s
[ 105/300] samples:   5126 | chain(game/max/avg): 4/5/3.5 | reward(game/avg): 4080/7919 | 2.78 games/s | ETA: 70s
[ 106/300] samples:   5160 | chain(game/max/avg): 4/5/3.5 | reward(game/avg): 5600/7897 | 2.73 games/s | ETA: 71s
[ 107/300] samples:   5202 | chain(game/max/avg): 4/5/3.6 | reward(game/avg): 6300/7882 | 2.54 games/s | ETA: 76s
[ 108/300] samples:   5252 | chain(game/max/avg): 3/5/3.5 | reward(game/avg): 7140/7875 | 2.54 games/s | ETA: 76s
[ 109/300] samples:   5302 | chain(game/max/avg): 3/5/3.5 | reward(game/avg): 7160/7869 | 2.51 games/s | ETA: 76s
[ 110/300] samples:   5352 | chain(game/max/avg): 4/5/3.5 | reward(game/avg): 9740/7886 | 2.51 games/s | ETA: 76s
[ 111/300] samples:   5402 | chain(game/max/avg): 4/5/3.5 | reward(game/avg): 9180/7897 | 2.52 games/s | ETA: 75s
[ 112/300] samples:   5452 | chain(game/max/avg): 3/5/3.5 | reward(game/avg): 8550/7903 | 2.54 games/s | ETA: 74s
[ 113/300] samples:   5502 | chain(game/max/avg): 4/5/3.5 | reward(game/avg): 8580/7909 | 2.56 games/s | ETA: 73s
[ 114/300] samples:   5552 | chain(game/max/avg): 4/5/3.6 | reward(game/avg): 8480/7914 | 2.58 games/s | ETA: 72s
[ 115/300] samples:   5602 | chain(game/max/avg): 3/5/3.5 | reward(game/avg): 6690/7903 | 2.61 games/s | ETA: 71s
[ 116/300] samples:   5652 | chain(game/max/avg): 3/5/3.5 | reward(game/avg): 7080/7896 | 2.63 games/s | ETA: 70s
[ 117/300] samples:   5702 | chain(game/max/avg): 4/5/3.5 | reward(game/avg): 7500/7893 | 2.65 games/s | ETA: 69s
[ 118/300] samples:   5752 | chain(game/max/avg): 3/5/3.5 | reward(game/avg): 6720/7883 | 2.66 games/s | ETA: 68s
[ 119/300] samples:   5802 | chain(game/max/avg): 4/5/3.5 | reward(game/avg): 8500/7888 | 2.68 games/s | ETA: 68s
[ 120/300] samples:   5852 | chain(game/max/avg): 4/5/3.5 | reward(game/avg): 9040/7898 | 2.70 games/s | ETA: 67s
[ 121/300] samples:   5902 | chain(game/max/avg): 4/5/3.6 | reward(game/avg): 9560/7912 | 2.72 games/s | ETA: 66s
[ 122/300] samples:   5952 | chain(game/max/avg): 3/5/3.5 | reward(game/avg): 7320/7907 | 2.74 games/s | ETA: 65s
[ 123/300] samples:   6002 | chain(game/max/avg): 3/5/3.5 | reward(game/avg): 6840/7898 | 2.76 games/s | ETA: 64s
[ 124/300] samples:   6052 | chain(game/max/avg): 4/5/3.5 | reward(game/avg): 8060/7899 | 2.79 games/s | ETA: 63s
[ 125/300] samples:   6102 | chain(game/max/avg): 4/5/3.6 | reward(game/avg): 9060/7909 | 2.81 games/s | ETA: 62s
[ 126/300] samples:   6152 | chain(game/max/avg): 4/5/3.6 | reward(game/avg): 7300/7904 | 2.83 games/s | ETA: 62s
[ 127/300] samples:   6202 | chain(game/max/avg): 4/5/3.6 | reward(game/avg): 11080/7929 | 2.85 games/s | ETA: 61s
[ 128/300] samples:   6252 | chain(game/max/avg): 3/5/3.6 | reward(game/avg): 7400/7925 | 2.87 games/s | ETA: 60s
[ 129/300] samples:   6302 | chain(game/max/avg): 4/5/3.6 | reward(game/avg): 8460/7929 | 2.89 games/s | ETA: 59s
[ 130/300] samples:   6352 | chain(game/max/avg): 4/5/3.6 | reward(game/avg): 9150/7938 | 2.91 games/s | ETA: 58s
[ 131/300] samples:   6402 | chain(game/max/avg): 4/5/3.6 | reward(game/avg): 10160/7955 | 2.94 games/s | ETA: 58s
[ 132/300] samples:   6452 | chain(game/max/avg): 4/5/3.6 | reward(game/avg): 8220/7957 | 2.96 games/s | ETA: 57s
[ 133/300] samples:   6502 | chain(game/max/avg): 4/5/3.6 | reward(game/avg): 9840/7971 | 2.98 games/s | ETA: 56s
[ 134/300] samples:   6552 | chain(game/max/avg): 3/5/3.6 | reward(game/avg): 6340/7959 | 3.00 games/s | ETA: 55s
[ 135/300] samples:   6602 | chain(game/max/avg): 5/5/3.6 | reward(game/avg): 11960/7989 | 3.02 games/s | ETA: 55s
[ 136/300] samples:   6652 | chain(game/max/avg): 3/5/3.6 | reward(game/avg): 5800/7973 | 3.04 games/s | ETA: 54s
[ 137/300] samples:   6702 | chain(game/max/avg): 3/5/3.6 | reward(game/avg): 8480/7976 | 3.06 games/s | ETA: 53s
[ 138/300] samples:   6752 | chain(game/max/avg): 4/5/3.6 | reward(game/avg): 10320/7993 | 3.08 games/s | ETA: 53s
[ 139/300] samples:   6802 | chain(game/max/avg): 4/5/3.6 | reward(game/avg): 9620/8005 | 3.11 games/s | ETA: 52s
[ 140/300] samples:   6852 | chain(game/max/avg): 4/5/3.6 | reward(game/avg): 7740/8003 | 3.13 games/s | ETA: 51s
[ 141/300] samples:   6902 | chain(game/max/avg): 4/5/3.6 | reward(game/avg): 7380/7999 | 3.15 games/s | ETA: 51s
[ 142/300] samples:   6952 | chain(game/max/avg): 4/5/3.6 | reward(game/avg): 9440/8009 | 3.17 games/s | ETA: 50s
[ 143/300] samples:   7002 | chain(game/max/avg): 4/5/3.6 | reward(game/avg): 9560/8020 | 3.19 games/s | ETA: 49s
[ 144/300] samples:   7052 | chain(game/max/avg): 3/5/3.6 | reward(game/avg): 6080/8006 | 3.21 games/s | ETA: 49s
[ 145/300] samples:   7102 | chain(game/max/avg): 4/5/3.6 | reward(game/avg): 11280/8029 | 3.23 games/s | ETA: 48s
[ 146/300] samples:   7152 | chain(game/max/avg): 3/5/3.6 | reward(game/avg): 7310/8024 | 3.25 games/s | ETA: 47s
[ 147/300] samples:   7202 | chain(game/max/avg): 3/5/3.6 | reward(game/avg): 8560/8028 | 3.28 games/s | ETA: 47s
[ 148/300] samples:   7252 | chain(game/max/avg): 4/5/3.6 | reward(game/avg): 7140/8022 | 3.30 games/s | ETA: 46s
[ 149/300] samples:   7302 | chain(game/max/avg): 4/5/3.6 | reward(game/avg): 6620/8012 | 3.32 games/s | ETA: 46s
[ 150/300] samples:   7352 | chain(game/max/avg): 4/5/3.6 | reward(game/avg): 10960/8032 | 3.34 games/s | ETA: 45s
[ 151/300] samples:   7402 | chain(game/max/avg): 3/5/3.6 | reward(game/avg): 8300/8034 | 3.36 games/s | ETA: 44s
[ 152/300] samples:   7452 | chain(game/max/avg): 4/5/3.6 | reward(game/avg): 8260/8035 | 3.38 games/s | ETA: 44s
[ 153/300] samples:   7502 | chain(game/max/avg): 4/5/3.6 | reward(game/avg): 10990/8054 | 3.41 games/s | ETA: 43s
[ 154/300] samples:   7552 | chain(game/max/avg): 4/5/3.6 | reward(game/avg): 8220/8056 | 3.43 games/s | ETA: 43s
[ 155/300] samples:   7602 | chain(game/max/avg): 4/5/3.6 | reward(game/avg): 8100/8056 | 3.45 games/s | ETA: 42s
[ 156/300] samples:   7652 | chain(game/max/avg): 3/5/3.6 | reward(game/avg): 6960/8049 | 3.47 games/s | ETA: 42s
[ 157/300] samples:   7702 | chain(game/max/avg): 3/5/3.6 | reward(game/avg): 8050/8049 | 3.49 games/s | ETA: 41s
[ 158/300] samples:   7752 | chain(game/max/avg): 4/5/3.6 | reward(game/avg): 9110/8056 | 3.51 games/s | ETA: 40s
[ 159/300] samples:   7802 | chain(game/max/avg): 4/5/3.6 | reward(game/avg): 8530/8058 | 3.53 games/s | ETA: 40s
[ 160/300] samples:   7852 | chain(game/max/avg): 3/5/3.6 | reward(game/avg): 5880/8045 | 3.55 games/s | ETA: 39s
[ 161/300] samples:   7902 | chain(game/max/avg): 3/5/3.6 | reward(game/avg): 6100/8033 | 3.57 games/s | ETA: 39s
[ 162/300] samples:   7952 | chain(game/max/avg): 3/5/3.6 | reward(game/avg): 8120/8033 | 3.59 games/s | ETA: 38s
[ 163/300] samples:   8002 | chain(game/max/avg): 3/5/3.6 | reward(game/avg): 7360/8029 | 3.61 games/s | ETA: 38s
[ 164/300] samples:   8052 | chain(game/max/avg): 3/5/3.6 | reward(game/avg): 5740/8015 | 3.63 games/s | ETA: 37s
[ 165/300] samples:   8102 | chain(game/max/avg): 4/5/3.6 | reward(game/avg): 9600/8025 | 3.65 games/s | ETA: 37s
[ 166/300] samples:   8152 | chain(game/max/avg): 3/5/3.6 | reward(game/avg): 6480/8016 | 3.68 games/s | ETA: 36s
[ 167/300] samples:   8202 | chain(game/max/avg): 4/5/3.6 | reward(game/avg): 9240/8023 | 3.70 games/s | ETA: 36s
[ 168/300] samples:   8252 | chain(game/max/avg): 3/5/3.6 | reward(game/avg): 5400/8007 | 3.72 games/s | ETA: 35s
[ 169/300] samples:   8302 | chain(game/max/avg): 3/5/3.6 | reward(game/avg): 7140/8002 | 3.74 games/s | ETA: 35s
[ 170/300] samples:   8352 | chain(game/max/avg): 3/5/3.6 | reward(game/avg): 7460/7999 | 3.76 games/s | ETA: 35s
[ 171/300] samples:   8402 | chain(game/max/avg): 4/5/3.6 | reward(game/avg): 8500/8002 | 3.78 games/s | ETA: 34s
[ 172/300] samples:   8452 | chain(game/max/avg): 3/5/3.6 | reward(game/avg): 7220/7997 | 3.81 games/s | ETA: 34s
[ 173/300] samples:   8502 | chain(game/max/avg): 3/5/3.6 | reward(game/avg): 8740/8002 | 3.83 games/s | ETA: 33s
[ 174/300] samples:   8552 | chain(game/max/avg): 3/5/3.6 | reward(game/avg): 8360/8004 | 3.85 games/s | ETA: 33s
[ 175/300] samples:   8602 | chain(game/max/avg): 3/5/3.6 | reward(game/avg): 8470/8006 | 3.87 games/s | ETA: 32s
[ 176/300] samples:   8652 | chain(game/max/avg): 3/5/3.6 | reward(game/avg): 8000/8006 | 3.89 games/s | ETA: 32s
[ 177/300] samples:   8702 | chain(game/max/avg): 3/5/3.5 | reward(game/avg): 7540/8004 | 3.91 games/s | ETA: 31s
[ 178/300] samples:   8752 | chain(game/max/avg): 3/5/3.5 | reward(game/avg): 7500/8001 | 3.93 games/s | ETA: 31s
[ 179/300] samples:   8802 | chain(game/max/avg): 4/5/3.5 | reward(game/avg): 9760/8011 | 3.95 games/s | ETA: 31s
[ 180/300] samples:   8852 | chain(game/max/avg): 3/5/3.5 | reward(game/avg): 6540/8002 | 3.98 games/s | ETA: 30s
[ 181/300] samples:   8902 | chain(game/max/avg): 4/5/3.5 | reward(game/avg): 9520/8011 | 4.00 games/s | ETA: 30s
[ 182/300] samples:   8952 | chain(game/max/avg): 4/5/3.5 | reward(game/avg): 9340/8018 | 4.01 games/s | ETA: 29s
[ 183/300] samples:   9002 | chain(game/max/avg): 4/5/3.6 | reward(game/avg): 8330/8020 | 4.04 games/s | ETA: 29s
[ 184/300] samples:   9052 | chain(game/max/avg): 3/5/3.5 | reward(game/avg): 8160/8021 | 4.06 games/s | ETA: 29s
[ 185/300] samples:   9102 | chain(game/max/avg): 4/5/3.6 | reward(game/avg): 9120/8027 | 4.08 games/s | ETA: 28s
[ 186/300] samples:   9152 | chain(game/max/avg): 4/5/3.6 | reward(game/avg): 9820/8036 | 4.10 games/s | ETA: 28s
[ 187/300] samples:   9202 | chain(game/max/avg): 3/5/3.6 | reward(game/avg): 8730/8040 | 4.12 games/s | ETA: 27s
[ 188/300] samples:   9252 | chain(game/max/avg): 4/5/3.6 | reward(game/avg): 8800/8044 | 4.14 games/s | ETA: 27s
[ 189/300] samples:   9302 | chain(game/max/avg): 4/5/3.6 | reward(game/avg): 6880/8038 | 4.16 games/s | ETA: 27s
[ 190/300] samples:   9352 | chain(game/max/avg): 4/5/3.6 | reward(game/avg): 9740/8047 | 4.18 games/s | ETA: 26s
[ 191/300] samples:   9402 | chain(game/max/avg): 4/5/3.6 | reward(game/avg): 8840/8051 | 4.20 games/s | ETA: 26s
[ 192/300] samples:   9452 | chain(game/max/avg): 3/5/3.6 | reward(game/avg): 7560/8048 | 4.22 games/s | ETA: 26s
[ 193/300] samples:   9502 | chain(game/max/avg): 4/5/3.6 | reward(game/avg): 9060/8054 | 4.24 games/s | ETA: 25s
[ 194/300] samples:   9552 | chain(game/max/avg): 4/5/3.6 | reward(game/avg): 8060/8054 | 4.26 games/s | ETA: 25s
[ 195/300] samples:   9602 | chain(game/max/avg): 3/5/3.6 | reward(game/avg): 7080/8049 | 4.28 games/s | ETA: 25s
[ 196/300] samples:   9652 | chain(game/max/avg): 3/5/3.6 | reward(game/avg): 7990/8048 | 4.29 games/s | ETA: 24s
[ 197/300] samples:   9702 | chain(game/max/avg): 4/5/3.6 | reward(game/avg): 11180/8064 | 4.31 games/s | ETA: 24s
[ 198/300] samples:   9752 | chain(game/max/avg): 3/5/3.6 | reward(game/avg): 5160/8050 | 4.34 games/s | ETA: 24s
[ 199/300] samples:   9802 | chain(game/max/avg): 3/5/3.6 | reward(game/avg): 7900/8049 | 4.35 games/s | ETA: 23s
[ 200/300] samples:   9852 | chain(game/max/avg): 4/5/3.6 | reward(game/avg): 10000/8059 | 4.36 games/s | ETA: 23s
[ 201/300] samples:   9863 | chain(game/max/avg): 0/5/3.5 | reward(game/avg): 0/8019 | 4.22 games/s | ETA: 23s
[ 202/300] samples:   9913 | chain(game/max/avg): 4/5/3.5 | reward(game/avg): 9390/8025 | 4.13 games/s | ETA: 24s
[ 203/300] samples:   9963 | chain(game/max/avg): 3/5/3.5 | reward(game/avg): 7880/8025 | 3.95 games/s | ETA: 25s
[ 204/300] samples:  10013 | chain(game/max/avg): 3/5/3.5 | reward(game/avg): 7280/8021 | 3.92 games/s | ETA: 25s
[ 205/300] samples:  10063 | chain(game/max/avg): 4/5/3.5 | reward(game/avg): 8880/8025 | 3.82 games/s | ETA: 25s
[ 206/300] samples:  10113 | chain(game/max/avg): 3/5/3.5 | reward(game/avg): 6300/8017 | 3.77 games/s | ETA: 25s
[ 207/300] samples:  10163 | chain(game/max/avg): 4/5/3.5 | reward(game/avg): 7870/8016 | 3.72 games/s | ETA: 25s
[ 208/300] samples:  10213 | chain(game/max/avg): 3/5/3.5 | reward(game/avg): 8160/8017 | 3.52 games/s | ETA: 26s
[ 209/300] samples:  10263 | chain(game/max/avg): 4/5/3.5 | reward(game/avg): 8980/8021 | 3.52 games/s | ETA: 26s
[ 210/300] samples:  10313 | chain(game/max/avg): 4/5/3.5 | reward(game/avg): 8300/8023 | 3.47 games/s | ETA: 26s
[ 211/300] samples:  10360 | chain(game/max/avg): 3/5/3.5 | reward(game/avg): 6370/8015 | 3.48 games/s | ETA: 26s
[ 212/300] samples:  10410 | chain(game/max/avg): 3/5/3.5 | reward(game/avg): 7320/8012 | 3.48 games/s | ETA: 25s
[ 213/300] samples:  10460 | chain(game/max/avg): 4/5/3.5 | reward(game/avg): 9840/8020 | 3.49 games/s | ETA: 25s
[ 214/300] samples:  10510 | chain(game/max/avg): 4/5/3.5 | reward(game/avg): 10760/8033 | 3.50 games/s | ETA: 25s
[ 215/300] samples:  10560 | chain(game/max/avg): 4/5/3.5 | reward(game/avg): 8800/8037 | 3.50 games/s | ETA: 24s
[ 216/300] samples:  10610 | chain(game/max/avg): 4/5/3.5 | reward(game/avg): 8180/8037 | 3.46 games/s | ETA: 24s
[ 217/300] samples:  10660 | chain(game/max/avg): 4/5/3.5 | reward(game/avg): 9300/8043 | 3.47 games/s | ETA: 24s
[ 218/300] samples:  10710 | chain(game/max/avg): 4/5/3.5 | reward(game/avg): 11320/8058 | 3.48 games/s | ETA: 24s
[ 219/300] samples:  10760 | chain(game/max/avg): 3/5/3.5 | reward(game/avg): 7040/8053 | 3.48 games/s | ETA: 23s
[ 220/300] samples:  10810 | chain(game/max/avg): 4/5/3.5 | reward(game/avg): 7820/8052 | 3.49 games/s | ETA: 23s
[ 221/300] samples:  10859 | chain(game/max/avg): 4/5/3.5 | reward(game/avg): 7360/8049 | 3.49 games/s | ETA: 23s
[ 222/300] samples:  10909 | chain(game/max/avg): 4/5/3.5 | reward(game/avg): 9260/8055 | 3.50 games/s | ETA: 22s
[ 223/300] samples:  10959 | chain(game/max/avg): 4/5/3.6 | reward(game/avg): 7580/8053 | 3.50 games/s | ETA: 22s
[ 224/300] samples:  11009 | chain(game/max/avg): 4/5/3.6 | reward(game/avg): 11420/8068 | 3.51 games/s | ETA: 22s
[ 225/300] samples:  11059 | chain(game/max/avg): 3/5/3.6 | reward(game/avg): 7210/8064 | 3.53 games/s | ETA: 21s
[ 226/300] samples:  11109 | chain(game/max/avg): 3/5/3.5 | reward(game/avg): 7860/8063 | 3.53 games/s | ETA: 21s
[ 227/300] samples:  11159 | chain(game/max/avg): 4/5/3.6 | reward(game/avg): 9700/8070 | 3.54 games/s | ETA: 21s
[ 228/300] samples:  11209 | chain(game/max/avg): 4/5/3.6 | reward(game/avg): 7200/8066 | 3.54 games/s | ETA: 20s
[ 229/300] samples:  11259 | chain(game/max/avg): 4/5/3.6 | reward(game/avg): 7940/8066 | 3.55 games/s | ETA: 20s
[ 230/300] samples:  11309 | chain(game/max/avg): 3/5/3.6 | reward(game/avg): 7440/8063 | 3.56 games/s | ETA: 20s
[ 231/300] samples:  11359 | chain(game/max/avg): 4/5/3.6 | reward(game/avg): 6160/8055 | 3.57 games/s | ETA: 19s
[ 232/300] samples:  11409 | chain(game/max/avg): 4/5/3.6 | reward(game/avg): 7820/8054 | 3.58 games/s | ETA: 19s
[ 233/300] samples:  11459 | chain(game/max/avg): 4/5/3.6 | reward(game/avg): 9480/8060 | 3.59 games/s | ETA: 19s
[ 234/300] samples:  11509 | chain(game/max/avg): 4/5/3.6 | reward(game/avg): 9100/8064 | 3.60 games/s | ETA: 18s
[ 235/300] samples:  11559 | chain(game/max/avg): 4/5/3.6 | reward(game/avg): 6860/8059 | 3.61 games/s | ETA: 18s
[ 236/300] samples:  11609 | chain(game/max/avg): 4/5/3.6 | reward(game/avg): 9240/8064 | 3.51 games/s | ETA: 18s
[ 237/300] samples:  11659 | chain(game/max/avg): 4/5/3.6 | reward(game/avg): 9360/8070 | 3.52 games/s | ETA: 18s
[ 238/300] samples:  11709 | chain(game/max/avg): 4/5/3.6 | reward(game/avg): 9500/8076 | 3.53 games/s | ETA: 18s
[ 239/300] samples:  11759 | chain(game/max/avg): 4/5/3.6 | reward(game/avg): 8000/8075 | 3.53 games/s | ETA: 17s
[ 240/300] samples:  11809 | chain(game/max/avg): 5/5/3.6 | reward(game/avg): 13480/8098 | 3.55 games/s | ETA: 17s
[ 241/300] samples:  11859 | chain(game/max/avg): 4/5/3.6 | reward(game/avg): 8770/8101 | 3.56 games/s | ETA: 17s
[ 242/300] samples:  11909 | chain(game/max/avg): 4/5/3.6 | reward(game/avg): 8120/8101 | 3.58 games/s | ETA: 16s
[ 243/300] samples:  11959 | chain(game/max/avg): 3/5/3.6 | reward(game/avg): 6750/8095 | 3.59 games/s | ETA: 16s
[ 244/300] samples:  12009 | chain(game/max/avg): 4/5/3.6 | reward(game/avg): 7960/8095 | 3.61 games/s | ETA: 16s
[ 245/300] samples:  12059 | chain(game/max/avg): 3/5/3.6 | reward(game/avg): 6460/8088 | 3.62 games/s | ETA: 15s
[ 246/300] samples:  12109 | chain(game/max/avg): 4/5/3.6 | reward(game/avg): 8330/8089 | 3.63 games/s | ETA: 15s
[ 247/300] samples:  12159 | chain(game/max/avg): 4/5/3.6 | reward(game/avg): 9940/8096 | 3.64 games/s | ETA: 15s
[ 248/300] samples:  12209 | chain(game/max/avg): 4/5/3.6 | reward(game/avg): 9360/8101 | 3.66 games/s | ETA: 14s
[ 249/300] samples:  12259 | chain(game/max/avg): 3/5/3.6 | reward(game/avg): 7360/8099 | 3.67 games/s | ETA: 14s
[ 250/300] samples:  12309 | chain(game/max/avg): 3/5/3.6 | reward(game/avg): 6530/8092 | 3.69 games/s | ETA: 14s
[ 251/300] samples:  12359 | chain(game/max/avg): 4/5/3.6 | reward(game/avg): 8390/8093 | 3.69 games/s | ETA: 13s
[ 252/300] samples:  12409 | chain(game/max/avg): 3/5/3.6 | reward(game/avg): 5900/8085 | 3.71 games/s | ETA: 13s
[ 253/300] samples:  12459 | chain(game/max/avg): 4/5/3.6 | reward(game/avg): 7740/8083 | 3.71 games/s | ETA: 13s
[ 254/300] samples:  12509 | chain(game/max/avg): 4/5/3.6 | reward(game/avg): 9850/8090 | 3.73 games/s | ETA: 12s
[ 255/300] samples:  12559 | chain(game/max/avg): 4/5/3.6 | reward(game/avg): 9360/8095 | 3.74 games/s | ETA: 12s
[ 256/300] samples:  12609 | chain(game/max/avg): 4/5/3.6 | reward(game/avg): 8860/8098 | 3.76 games/s | ETA: 12s
[ 257/300] samples:  12659 | chain(game/max/avg): 3/5/3.6 | reward(game/avg): 6700/8093 | 3.77 games/s | ETA: 11s
[ 258/300] samples:  12709 | chain(game/max/avg): 4/5/3.6 | reward(game/avg): 8500/8094 | 3.78 games/s | ETA: 11s
[ 259/300] samples:  12759 | chain(game/max/avg): 4/5/3.6 | reward(game/avg): 9080/8098 | 3.80 games/s | ETA: 11s
[ 260/300] samples:  12809 | chain(game/max/avg): 4/5/3.6 | reward(game/avg): 7200/8095 | 3.81 games/s | ETA: 10s
[ 261/300] samples:  12859 | chain(game/max/avg): 5/5/3.6 | reward(game/avg): 12600/8112 | 3.82 games/s | ETA: 10s
[ 262/300] samples:  12909 | chain(game/max/avg): 4/5/3.6 | reward(game/avg): 7240/8109 | 3.84 games/s | ETA: 10s
[ 263/300] samples:  12959 | chain(game/max/avg): 4/5/3.6 | reward(game/avg): 9670/8115 | 3.85 games/s | ETA: 10s
[ 264/300] samples:  13009 | chain(game/max/avg): 4/5/3.6 | reward(game/avg): 9400/8120 | 3.87 games/s | ETA: 9s
[ 265/300] samples:  13059 | chain(game/max/avg): 3/5/3.6 | reward(game/avg): 9040/8123 | 3.88 games/s | ETA: 9s
[ 266/300] samples:  13109 | chain(game/max/avg): 3/5/3.6 | reward(game/avg): 7780/8122 | 3.83 games/s | ETA: 9s
[ 267/300] samples:  13159 | chain(game/max/avg): 4/5/3.6 | reward(game/avg): 9880/8128 | 3.83 games/s | ETA: 9s
[ 268/300] samples:  13209 | chain(game/max/avg): 4/5/3.6 | reward(game/avg): 8800/8131 | 3.84 games/s | ETA: 8s
[ 269/300] samples:  13259 | chain(game/max/avg): 3/5/3.6 | reward(game/avg): 6900/8126 | 3.85 games/s | ETA: 8s
[ 270/300] samples:  13309 | chain(game/max/avg): 3/5/3.6 | reward(game/avg): 7280/8123 | 3.87 games/s | ETA: 8s
[ 271/300] samples:  13359 | chain(game/max/avg): 3/5/3.6 | reward(game/avg): 6750/8118 | 3.88 games/s | ETA: 7s
[ 272/300] samples:  13409 | chain(game/max/avg): 3/5/3.6 | reward(game/avg): 6060/8110 | 3.89 games/s | ETA: 7s
[ 273/300] samples:  13459 | chain(game/max/avg): 3/5/3.6 | reward(game/avg): 7550/8108 | 3.90 games/s | ETA: 7s
[ 274/300] samples:  13509 | chain(game/max/avg): 4/5/3.6 | reward(game/avg): 8720/8111 | 3.92 games/s | ETA: 7s
[ 275/300] samples:  13559 | chain(game/max/avg): 4/5/3.6 | reward(game/avg): 9140/8114 | 3.93 games/s | ETA: 6s
[ 276/300] samples:  13609 | chain(game/max/avg): 3/5/3.6 | reward(game/avg): 8140/8114 | 3.94 games/s | ETA: 6s
[ 277/300] samples:  13659 | chain(game/max/avg): 3/5/3.6 | reward(game/avg): 7120/8111 | 3.96 games/s | ETA: 6s
[ 278/300] samples:  13709 | chain(game/max/avg): 4/5/3.6 | reward(game/avg): 8100/8111 | 3.97 games/s | ETA: 6s
[ 279/300] samples:  13759 | chain(game/max/avg): 4/5/3.6 | reward(game/avg): 7190/8108 | 3.98 games/s | ETA: 5s
[ 280/300] samples:  13809 | chain(game/max/avg): 4/5/3.6 | reward(game/avg): 8180/8108 | 3.99 games/s | ETA: 5s
[ 281/300] samples:  13859 | chain(game/max/avg): 4/5/3.6 | reward(game/avg): 7890/8107 | 4.00 games/s | ETA: 5s
[ 282/300] samples:  13909 | chain(game/max/avg): 3/5/3.6 | reward(game/avg): 6740/8102 | 4.02 games/s | ETA: 4s
[ 283/300] samples:  13959 | chain(game/max/avg): 3/5/3.6 | reward(game/avg): 8440/8103 | 3.98 games/s | ETA: 4s
[ 284/300] samples:  14009 | chain(game/max/avg): 4/5/3.6 | reward(game/avg): 7660/8102 | 4.00 games/s | ETA: 4s
[ 285/300] samples:  14059 | chain(game/max/avg): 4/5/3.6 | reward(game/avg): 8500/8103 | 4.01 games/s | ETA: 4s
[ 286/300] samples:  14109 | chain(game/max/avg): 3/5/3.6 | reward(game/avg): 7900/8102 | 4.02 games/s | ETA: 3s
[ 287/300] samples:  14159 | chain(game/max/avg): 3/5/3.6 | reward(game/avg): 6760/8098 | 4.04 games/s | ETA: 3s
[ 288/300] samples:  14209 | chain(game/max/avg): 4/5/3.6 | reward(game/avg): 8660/8100 | 4.05 games/s | ETA: 3s
[ 289/300] samples:  14259 | chain(game/max/avg): 3/5/3.6 | reward(game/avg): 7700/8098 | 4.06 games/s | ETA: 3s
[ 290/300] samples:  14309 | chain(game/max/avg): 4/5/3.6 | reward(game/avg): 10000/8105 | 4.02 games/s | ETA: 2s
[ 291/300] samples:  14359 | chain(game/max/avg): 4/5/3.6 | reward(game/avg): 6660/8100 | 4.03 games/s | ETA: 2s
[ 292/300] samples:  14409 | chain(game/max/avg): 3/5/3.6 | reward(game/avg): 6990/8096 | 4.05 games/s | ETA: 2s
[ 293/300] samples:  14459 | chain(game/max/avg): 3/5/3.6 | reward(game/avg): 8000/8096 | 4.00 games/s | ETA: 2s
[ 294/300] samples:  14509 | chain(game/max/avg): 3/5/3.6 | reward(game/avg): 8030/8096 | 4.01 games/s | ETA: 1s
[ 295/300] samples:  14559 | chain(game/max/avg): 3/5/3.6 | reward(game/avg): 7060/8092 | 4.02 games/s | ETA: 1s
[ 296/300] samples:  14609 | chain(game/max/avg): 4/5/3.6 | reward(game/avg): 9540/8097 | 4.04 games/s | ETA: 1s
[ 297/300] samples:  14659 | chain(game/max/avg): 4/5/3.6 | reward(game/avg): 8140/8097 | 4.02 games/s | ETA: 1s
[ 298/300] samples:  14709 | chain(game/max/avg): 4/5/3.6 | reward(game/avg): 8960/8100 | 4.02 games/s | ETA: 0s
[ 299/300] samples:  14759 | chain(game/max/avg): 3/5/3.6 | reward(game/avg): 6780/8096 | 4.03 games/s | ETA: 0s
[ 300/300] samples:  14809 | chain(game/max/avg): 4/5/3.6 | reward(game/avg): 11280/8106 | 4.04 games/s | ETA: 0s
Self-play complete: 300 games, 14809 samples, max chain: 5
Saved to data/alphazero_iter_169.bin
[2026-04-03 13:04:56] Removing old data: data/alphazero_iter_139.bin
[2026-04-03 13:04:57] Train start (AlphaZero mode, replay buffer, global_step=168000)
   Compiling puyo-trainer v0.1.0 (/workspaces/puyopuyo-ai/crates/puyo/puyo-trainer)
    Finished `release` profile [optimized] target(s) in 40.32s
     Running `target/release/train --alphazero --data-dir data --global-step 168000`
Backend: CUDA (GPU)
Mode: AlphaZero (Policy CE + Value MSE)
Loading AlphaZero datasets from data...
Found 30 data files
  Loaded 14827 samples from data/alphazero_iter_140.bin
  Loaded 14814 samples from data/alphazero_iter_141.bin
  Loaded 14800 samples from data/alphazero_iter_142.bin
  Loaded 14638 samples from data/alphazero_iter_143.bin
  Loaded 14842 samples from data/alphazero_iter_144.bin
  Loaded 14801 samples from data/alphazero_iter_145.bin
  Loaded 14754 samples from data/alphazero_iter_146.bin
  Loaded 14804 samples from data/alphazero_iter_147.bin
  Loaded 14933 samples from data/alphazero_iter_148.bin
  Loaded 14658 samples from data/alphazero_iter_149.bin
  Loaded 14608 samples from data/alphazero_iter_150.bin
  Loaded 14842 samples from data/alphazero_iter_151.bin
  Loaded 14724 samples from data/alphazero_iter_152.bin
  Loaded 14891 samples from data/alphazero_iter_153.bin
  Loaded 14732 samples from data/alphazero_iter_154.bin
  Loaded 14704 samples from data/alphazero_iter_155.bin
  Loaded 14799 samples from data/alphazero_iter_156.bin
  Loaded 14861 samples from data/alphazero_iter_157.bin
  Loaded 14843 samples from data/alphazero_iter_158.bin
  Loaded 14662 samples from data/alphazero_iter_159.bin
  Loaded 14923 samples from data/alphazero_iter_160.bin
  Loaded 14858 samples from data/alphazero_iter_161.bin
  Loaded 14875 samples from data/alphazero_iter_162.bin
  Loaded 14830 samples from data/alphazero_iter_163.bin
  Loaded 14717 samples from data/alphazero_iter_164.bin
  Loaded 14778 samples from data/alphazero_iter_165.bin
  Loaded 14761 samples from data/alphazero_iter_166.bin
  Loaded 14779 samples from data/alphazero_iter_167.bin
  Loaded 14673 samples from data/alphazero_iter_168.bin
  Loaded 14809 samples from data/alphazero_iter_169.bin
Loaded 443540 total samples
Train: 443540 samples (color augmented on-the-fly, no val split)
Loaded existing model from artifacts/puyo_model
AlphaZero training: 1000 steps, global_step=168000, LR 2e-4 (end ~2e-4)
  step 50/1000 p_loss=1.3485 v_loss=0.2552 lr=0.000200  step 100/1000 p_loss=1.3471 v_loss=0.2526 lr=0.000200  step 150/1000 p_loss=1.3504 v_loss=0.2523 lr=0.000200  step 200/1000 p_loss=1.3507 v_loss=0.2541 lr=0.000200  step 250/1000 p_loss=1.3516 v_loss=0.2536 lr=0.000200  step 300/1000 p_loss=1.3515 v_loss=0.2534 lr=0.000200  step 350/1000 p_loss=1.3515 v_loss=0.2525 lr=0.000200  step 400/1000 p_loss=1.3517 v_loss=0.2523 lr=0.000200  step 450/1000 p_loss=1.3513 v_loss=0.2524 lr=0.000200  step 500/1000 p_loss=1.3514 v_loss=0.2526 lr=0.000200  step 550/1000 p_loss=1.3520 v_loss=0.2526 lr=0.000200  step 600/1000 p_loss=1.3521 v_loss=0.2527 lr=0.000200  step 650/1000 p_loss=1.3521 v_loss=0.2527 lr=0.000200  step 700/1000 p_loss=1.3517 v_loss=0.2536 lr=0.000200  step 750/1000 p_loss=1.3514 v_loss=0.2532 lr=0.000200  step 800/1000 p_loss=1.3513 v_loss=0.2529 lr=0.000200  step 850/1000 p_loss=1.3512 v_loss=0.2527 lr=0.000200  step 900/1000 p_loss=1.3511 v_loss=0.2526 lr=0.000200  step 950/1000 p_loss=1.3511 v_loss=0.2530 lr=0.000200  step 1000/1000 p_loss=1.3511 v_loss=0.2532 lr=0.000200
AlphaZero training complete. final train_loss(p=1.351091, v=0.253185) global_step=169000
[2026-04-03 13:09:13] === Iteration 169 complete ===
[2026-04-03 13:09:13] --- Iteration 170 (sims=64, global_step=169000) ---
[2026-04-03 13:09:13] Self-play start (m=16, c_visit=50.0)
    Finished `release` profile [optimized] target(s) in 4.01s
     Running `target/release/self-play --games 300 --simulations 64 --c-puct-init 1.5 --m 16 --c-visit 50.0 --gamma 0.95 --min-chain 0 --output data/alphazero_iter_170.bin`
games=300, simulations=64, c_puct_init=1.5, c_puct_base=19652, m=16, c_visit=50, gamma=0.95
Backend: CudaJit (GPU) — Gumbel MCTS self-play (batched)
Loaded existing model from artifacts/puyo_model
Using 128 game threads, max_batch_size=128
[   1/300] samples:     22 | chain(game/max/avg): 4/4/4.0 | reward(game/avg): 3140/3140 | 0.10 games/s | ETA: 2971s
[   2/300] samples:     49 | chain(game/max/avg): 3/4/3.5 | reward(game/avg): 2040/2590 | 0.18 games/s | ETA: 1640s
[   3/300] samples:     85 | chain(game/max/avg): 4/4/3.7 | reward(game/avg): 4980/3387 | 0.21 games/s | ETA: 1411s
[   4/300] samples:    130 | chain(game/max/avg): 4/4/3.8 | reward(game/avg): 7740/4475 | 0.22 games/s | ETA: 1346s
[   5/300] samples:    180 | chain(game/max/avg): 4/4/3.8 | reward(game/avg): 7000/4980 | 0.25 games/s | ETA: 1199s
[   6/300] samples:    230 | chain(game/max/avg): 3/4/3.7 | reward(game/avg): 6740/5273 | 0.29 games/s | ETA: 1015s
[   7/300] samples:    280 | chain(game/max/avg): 4/4/3.7 | reward(game/avg): 9960/5943 | 0.34 games/s | ETA: 867s
[   8/300] samples:    330 | chain(game/max/avg): 3/4/3.6 | reward(game/avg): 5940/5942 | 0.39 games/s | ETA: 757s
[   9/300] samples:    380 | chain(game/max/avg): 4/4/3.7 | reward(game/avg): 10520/6451 | 0.43 games/s | ETA: 671s
[  10/300] samples:    430 | chain(game/max/avg): 3/4/3.6 | reward(game/avg): 9510/6757 | 0.48 games/s | ETA: 603s
[  11/300] samples:    480 | chain(game/max/avg): 3/4/3.5 | reward(game/avg): 9440/7001 | 0.53 games/s | ETA: 547s
[  12/300] samples:    530 | chain(game/max/avg): 5/5/3.7 | reward(game/avg): 13020/7502 | 0.58 games/s | ETA: 500s
[  13/300] samples:    580 | chain(game/max/avg): 4/5/3.7 | reward(game/avg): 9110/7626 | 0.62 games/s | ETA: 460s
[  14/300] samples:    630 | chain(game/max/avg): 4/5/3.7 | reward(game/avg): 9460/7757 | 0.67 games/s | ETA: 426s
[  15/300] samples:    680 | chain(game/max/avg): 4/5/3.7 | reward(game/avg): 8460/7804 | 0.72 games/s | ETA: 398s
[  16/300] samples:    730 | chain(game/max/avg): 3/5/3.7 | reward(game/avg): 9040/7881 | 0.76 games/s | ETA: 372s
[  17/300] samples:    780 | chain(game/max/avg): 4/5/3.7 | reward(game/avg): 7780/7875 | 0.81 games/s | ETA: 349s
[  18/300] samples:    830 | chain(game/max/avg): 4/5/3.7 | reward(game/avg): 7200/7838 | 0.86 games/s | ETA: 328s
[  19/300] samples:    880 | chain(game/max/avg): 3/5/3.7 | reward(game/avg): 7980/7845 | 0.91 games/s | ETA: 310s
[  20/300] samples:    930 | chain(game/max/avg): 3/5/3.6 | reward(game/avg): 7800/7843 | 0.95 games/s | ETA: 294s
[  21/300] samples:    980 | chain(game/max/avg): 4/5/3.7 | reward(game/avg): 8960/7896 | 1.00 games/s | ETA: 279s
[  22/300] samples:   1030 | chain(game/max/avg): 3/5/3.6 | reward(game/avg): 6080/7814 | 1.04 games/s | ETA: 266s
[  23/300] samples:   1080 | chain(game/max/avg): 3/5/3.6 | reward(game/avg): 9330/7880 | 1.09 games/s | ETA: 254s
[  24/300] samples:   1130 | chain(game/max/avg): 3/5/3.6 | reward(game/avg): 7530/7865 | 1.13 games/s | ETA: 244s
[  25/300] samples:   1180 | chain(game/max/avg): 3/5/3.6 | reward(game/avg): 6100/7794 | 1.18 games/s | ETA: 233s
[  26/300] samples:   1230 | chain(game/max/avg): 4/5/3.6 | reward(game/avg): 7820/7795 | 1.23 games/s | ETA: 223s
[  27/300] samples:   1280 | chain(game/max/avg): 3/5/3.6 | reward(game/avg): 8340/7816 | 1.27 games/s | ETA: 215s
[  28/300] samples:   1330 | chain(game/max/avg): 3/5/3.5 | reward(game/avg): 7800/7815 | 1.32 games/s | ETA: 206s
[  29/300] samples:   1380 | chain(game/max/avg): 4/5/3.6 | reward(game/avg): 9150/7861 | 1.37 games/s | ETA: 198s
[  30/300] samples:   1430 | chain(game/max/avg): 4/5/3.6 | reward(game/avg): 9030/7900 | 1.41 games/s | ETA: 191s
[  31/300] samples:   1480 | chain(game/max/avg): 4/5/3.6 | reward(game/avg): 11940/8030 | 1.46 games/s | ETA: 184s
[  32/300] samples:   1530 | chain(game/max/avg): 3/5/3.6 | reward(game/avg): 6620/7986 | 1.50 games/s | ETA: 178s
[  33/300] samples:   1580 | chain(game/max/avg): 4/5/3.6 | reward(game/avg): 8950/8015 | 1.55 games/s | ETA: 172s
[  34/300] samples:   1630 | chain(game/max/avg): 4/5/3.6 | reward(game/avg): 7260/7993 | 1.59 games/s | ETA: 167s
[  35/300] samples:   1680 | chain(game/max/avg): 3/5/3.6 | reward(game/avg): 7180/7970 | 1.64 games/s | ETA: 162s
[  36/300] samples:   1730 | chain(game/max/avg): 4/5/3.6 | reward(game/avg): 8730/7991 | 1.69 games/s | ETA: 157s
[  37/300] samples:   1780 | chain(game/max/avg): 3/5/3.6 | reward(game/avg): 7700/7983 | 1.73 games/s | ETA: 152s
[  38/300] samples:   1830 | chain(game/max/avg): 4/5/3.6 | reward(game/avg): 8420/7995 | 1.78 games/s | ETA: 147s
[  39/300] samples:   1880 | chain(game/max/avg): 3/5/3.6 | reward(game/avg): 7270/7976 | 1.83 games/s | ETA: 143s
[  40/300] samples:   1930 | chain(game/max/avg): 4/5/3.6 | reward(game/avg): 7600/7967 | 1.87 games/s | ETA: 139s
[  41/300] samples:   1980 | chain(game/max/avg): 4/5/3.6 | reward(game/avg): 7280/7950 | 1.92 games/s | ETA: 135s
[  42/300] samples:   2030 | chain(game/max/avg): 3/5/3.6 | reward(game/avg): 8580/7965 | 1.96 games/s | ETA: 132s
[  43/300] samples:   2080 | chain(game/max/avg): 4/5/3.6 | reward(game/avg): 7000/7943 | 2.00 games/s | ETA: 128s
[  44/300] samples:   2130 | chain(game/max/avg): 5/5/3.6 | reward(game/avg): 12600/8048 | 2.05 games/s | ETA: 125s
[  45/300] samples:   2180 | chain(game/max/avg): 3/5/3.6 | reward(game/avg): 8550/8060 | 2.10 games/s | ETA: 122s
[  46/300] samples:   2230 | chain(game/max/avg): 4/5/3.6 | reward(game/avg): 10520/8113 | 2.14 games/s | ETA: 119s
[  47/300] samples:   2280 | chain(game/max/avg): 4/5/3.6 | reward(game/avg): 9600/8145 | 2.19 games/s | ETA: 116s
[  48/300] samples:   2330 | chain(game/max/avg): 4/5/3.6 | reward(game/avg): 10300/8190 | 2.23 games/s | ETA: 113s
[  49/300] samples:   2380 | chain(game/max/avg): 3/5/3.6 | reward(game/avg): 7180/8169 | 2.28 games/s | ETA: 110s
[  50/300] samples:   2430 | chain(game/max/avg): 3/5/3.6 | reward(game/avg): 7640/8158 | 2.32 games/s | ETA: 108s
[  51/300] samples:   2480 | chain(game/max/avg): 4/5/3.6 | reward(game/avg): 7820/8152 | 2.37 games/s | ETA: 105s
[  52/300] samples:   2530 | chain(game/max/avg): 4/5/3.6 | reward(game/avg): 9440/8177 | 2.42 games/s | ETA: 103s
[  53/300] samples:   2580 | chain(game/max/avg): 3/5/3.6 | reward(game/avg): 7320/8160 | 2.46 games/s | ETA: 100s
[  54/300] samples:   2630 | chain(game/max/avg): 3/5/3.6 | reward(game/avg): 7240/8143 | 2.51 games/s | ETA: 98s
[  55/300] samples:   2680 | chain(game/max/avg): 3/5/3.6 | reward(game/avg): 8540/8151 | 2.55 games/s | ETA: 96s
[  56/300] samples:   2730 | chain(game/max/avg): 3/5/3.6 | reward(game/avg): 6360/8119 | 2.59 games/s | ETA: 94s
[  57/300] samples:   2780 | chain(game/max/avg): 4/5/3.6 | reward(game/avg): 11180/8172 | 2.64 games/s | ETA: 92s
[  58/300] samples:   2830 | chain(game/max/avg): 4/5/3.6 | reward(game/avg): 10360/8210 | 2.68 games/s | ETA: 90s
[  59/300] samples:   2880 | chain(game/max/avg): 4/5/3.6 | reward(game/avg): 8880/8221 | 2.73 games/s | ETA: 88s
[  60/300] samples:   2930 | chain(game/max/avg): 3/5/3.6 | reward(game/avg): 7510/8210 | 2.78 games/s | ETA: 86s
[  61/300] samples:   2980 | chain(game/max/avg): 4/5/3.6 | reward(game/avg): 8720/8218 | 2.82 games/s | ETA: 85s
[  62/300] samples:   3030 | chain(game/max/avg): 4/5/3.6 | reward(game/avg): 9200/8234 | 2.87 games/s | ETA: 83s
[  63/300] samples:   3080 | chain(game/max/avg): 4/5/3.6 | reward(game/avg): 9880/8260 | 2.91 games/s | ETA: 81s
[  64/300] samples:   3130 | chain(game/max/avg): 3/5/3.6 | reward(game/avg): 6520/8233 | 2.96 games/s | ETA: 80s
[  65/300] samples:   3180 | chain(game/max/avg): 4/5/3.6 | reward(game/avg): 8160/8232 | 3.00 games/s | ETA: 78s
[  66/300] samples:   3230 | chain(game/max/avg): 4/5/3.6 | reward(game/avg): 7060/8214 | 3.04 games/s | ETA: 77s
[  67/300] samples:   3280 | chain(game/max/avg): 3/5/3.6 | reward(game/avg): 7820/8208 | 3.09 games/s | ETA: 75s
[  68/300] samples:   3330 | chain(game/max/avg): 4/5/3.6 | reward(game/avg): 7800/8202 | 3.13 games/s | ETA: 74s
[  69/300] samples:   3380 | chain(game/max/avg): 3/5/3.6 | reward(game/avg): 7360/8190 | 3.17 games/s | ETA: 73s
[  70/300] samples:   3430 | chain(game/max/avg): 3/5/3.6 | reward(game/avg): 5670/8154 | 3.22 games/s | ETA: 71s
[  71/300] samples:   3480 | chain(game/max/avg): 4/5/3.6 | reward(game/avg): 8340/8156 | 3.26 games/s | ETA: 70s
[  72/300] samples:   3530 | chain(game/max/avg): 4/5/3.6 | reward(game/avg): 10220/8185 | 3.31 games/s | ETA: 69s
[  73/300] samples:   3580 | chain(game/max/avg): 4/5/3.6 | reward(game/avg): 10800/8221 | 3.35 games/s | ETA: 68s
[  74/300] samples:   3630 | chain(game/max/avg): 4/5/3.6 | reward(game/avg): 9620/8240 | 3.40 games/s | ETA: 67s
[  75/300] samples:   3680 | chain(game/max/avg): 4/5/3.6 | reward(game/avg): 7000/8223 | 3.44 games/s | ETA: 65s
[  76/300] samples:   3730 | chain(game/max/avg): 3/5/3.6 | reward(game/avg): 6660/8203 | 3.48 games/s | ETA: 64s
[  77/300] samples:   3780 | chain(game/max/avg): 3/5/3.6 | reward(game/avg): 7080/8188 | 3.53 games/s | ETA: 63s
[  78/300] samples:   3830 | chain(game/max/avg): 4/5/3.6 | reward(game/avg): 8780/8196 | 3.57 games/s | ETA: 62s
[  79/300] samples:   3880 | chain(game/max/avg): 4/5/3.6 | reward(game/avg): 8370/8198 | 3.62 games/s | ETA: 61s
[  80/300] samples:   3930 | chain(game/max/avg): 3/5/3.6 | reward(game/avg): 6440/8176 | 3.67 games/s | ETA: 60s
[  81/300] samples:   3980 | chain(game/max/avg): 4/5/3.6 | reward(game/avg): 8380/8178 | 3.71 games/s | ETA: 59s
[  82/300] samples:   4030 | chain(game/max/avg): 4/5/3.6 | reward(game/avg): 10700/8209 | 3.75 games/s | ETA: 58s
[  83/300] samples:   4080 | chain(game/max/avg): 4/5/3.6 | reward(game/avg): 11200/8245 | 3.79 games/s | ETA: 57s
[  84/300] samples:   4130 | chain(game/max/avg): 3/5/3.6 | reward(game/avg): 7520/8237 | 3.84 games/s | ETA: 56s
[  85/300] samples:   4180 | chain(game/max/avg): 3/5/3.6 | reward(game/avg): 7600/8229 | 3.88 games/s | ETA: 55s
[  86/300] samples:   4230 | chain(game/max/avg): 4/5/3.6 | reward(game/avg): 7880/8225 | 3.92 games/s | ETA: 55s
[  87/300] samples:   4280 | chain(game/max/avg): 3/5/3.6 | reward(game/avg): 7260/8214 | 3.97 games/s | ETA: 54s
[  88/300] samples:   4330 | chain(game/max/avg): 3/5/3.6 | reward(game/avg): 7240/8203 | 4.01 games/s | ETA: 53s
[  89/300] samples:   4380 | chain(game/max/avg): 3/5/3.6 | reward(game/avg): 7980/8200 | 4.06 games/s | ETA: 52s
[  90/300] samples:   4430 | chain(game/max/avg): 4/5/3.6 | reward(game/avg): 10060/8221 | 4.10 games/s | ETA: 51s
[  91/300] samples:   4480 | chain(game/max/avg): 3/5/3.6 | reward(game/avg): 7340/8211 | 4.14 games/s | ETA: 50s
[  92/300] samples:   4530 | chain(game/max/avg): 4/5/3.6 | reward(game/avg): 9900/8230 | 4.19 games/s | ETA: 50s
[  93/300] samples:   4580 | chain(game/max/avg): 3/5/3.6 | reward(game/avg): 7500/8222 | 4.23 games/s | ETA: 49s
[  94/300] samples:   4630 | chain(game/max/avg): 3/5/3.6 | reward(game/avg): 8040/8220 | 4.28 games/s | ETA: 48s
[  95/300] samples:   4680 | chain(game/max/avg): 4/5/3.6 | reward(game/avg): 8260/8220 | 4.32 games/s | ETA: 47s
[  96/300] samples:   4730 | chain(game/max/avg): 3/5/3.6 | reward(game/avg): 6800/8206 | 4.36 games/s | ETA: 47s
[  97/300] samples:   4780 | chain(game/max/avg): 4/5/3.6 | reward(game/avg): 9140/8215 | 4.40 games/s | ETA: 46s
[  98/300] samples:   4830 | chain(game/max/avg): 4/5/3.6 | reward(game/avg): 8820/8221 | 4.45 games/s | ETA: 45s
[  99/300] samples:   4880 | chain(game/max/avg): 3/5/3.6 | reward(game/avg): 9400/8233 | 4.49 games/s | ETA: 45s
[ 100/300] samples:   4930 | chain(game/max/avg): 3/5/3.6 | reward(game/avg): 7920/8230 | 4.54 games/s | ETA: 44s
[ 101/300] samples:   4948 | chain(game/max/avg): 3/5/3.6 | reward(game/avg): 1600/8164 | 3.71 games/s | ETA: 54s
[ 102/300] samples:   4968 | chain(game/max/avg): 3/5/3.6 | reward(game/avg): 2040/8104 | 3.69 games/s | ETA: 54s
[ 103/300] samples:   5018 | chain(game/max/avg): 3/5/3.6 | reward(game/avg): 7770/8101 | 3.63 games/s | ETA: 54s
[ 104/300] samples:   5068 | chain(game/max/avg): 4/5/3.6 | reward(game/avg): 8500/8105 | 3.51 games/s | ETA: 56s
[ 105/300] samples:   5118 | chain(game/max/avg): 3/5/3.6 | reward(game/avg): 6460/8089 | 3.29 games/s | ETA: 59s
[ 106/300] samples:   5158 | chain(game/max/avg): 4/5/3.6 | reward(game/avg): 6460/8074 | 3.04 games/s | ETA: 64s
[ 107/300] samples:   5208 | chain(game/max/avg): 3/5/3.6 | reward(game/avg): 7830/8072 | 2.89 games/s | ETA: 67s
[ 108/300] samples:   5258 | chain(game/max/avg): 4/5/3.6 | reward(game/avg): 7040/8062 | 2.78 games/s | ETA: 69s
[ 109/300] samples:   5308 | chain(game/max/avg): 3/5/3.6 | reward(game/avg): 7620/8058 | 2.78 games/s | ETA: 69s
[ 110/300] samples:   5358 | chain(game/max/avg): 4/5/3.6 | reward(game/avg): 11610/8090 | 2.80 games/s | ETA: 68s
[ 111/300] samples:   5408 | chain(game/max/avg): 4/5/3.6 | reward(game/avg): 10380/8111 | 2.83 games/s | ETA: 67s
[ 112/300] samples:   5458 | chain(game/max/avg): 4/5/3.6 | reward(game/avg): 8920/8118 | 2.85 games/s | ETA: 66s
[ 113/300] samples:   5508 | chain(game/max/avg): 4/5/3.6 | reward(game/avg): 9490/8130 | 2.87 games/s | ETA: 65s
[ 114/300] samples:   5558 | chain(game/max/avg): 3/5/3.6 | reward(game/avg): 7030/8121 | 2.89 games/s | ETA: 64s
[ 115/300] samples:   5608 | chain(game/max/avg): 3/5/3.6 | reward(game/avg): 8260/8122 | 2.92 games/s | ETA: 63s
[ 116/300] samples:   5658 | chain(game/max/avg): 3/5/3.6 | reward(game/avg): 7140/8113 | 2.94 games/s | ETA: 63s
[ 117/300] samples:   5708 | chain(game/max/avg): 3/5/3.5 | reward(game/avg): 7020/8104 | 2.96 games/s | ETA: 62s
[ 118/300] samples:   5758 | chain(game/max/avg): 3/5/3.5 | reward(game/avg): 6460/8090 | 2.98 games/s | ETA: 61s
[ 119/300] samples:   5808 | chain(game/max/avg): 4/5/3.5 | reward(game/avg): 10920/8114 | 3.00 games/s | ETA: 60s
[ 120/300] samples:   5858 | chain(game/max/avg): 3/5/3.5 | reward(game/avg): 5570/8093 | 3.03 games/s | ETA: 59s
[ 121/300] samples:   5908 | chain(game/max/avg): 4/5/3.5 | reward(game/avg): 9390/8103 | 3.05 games/s | ETA: 59s
[ 122/300] samples:   5958 | chain(game/max/avg): 3/5/3.5 | reward(game/avg): 8290/8105 | 3.08 games/s | ETA: 58s
[ 123/300] samples:   6008 | chain(game/max/avg): 3/5/3.5 | reward(game/avg): 8320/8107 | 3.10 games/s | ETA: 57s
[ 124/300] samples:   6058 | chain(game/max/avg): 3/5/3.5 | reward(game/avg): 7650/8103 | 3.12 games/s | ETA: 56s
[ 125/300] samples:   6108 | chain(game/max/avg): 3/5/3.5 | reward(game/avg): 7900/8101 | 3.14 games/s | ETA: 56s
[ 126/300] samples:   6158 | chain(game/max/avg): 4/5/3.5 | reward(game/avg): 9080/8109 | 3.17 games/s | ETA: 55s
[ 127/300] samples:   6208 | chain(game/max/avg): 4/5/3.5 | reward(game/avg): 11680/8137 | 3.19 games/s | ETA: 54s
[ 128/300] samples:   6258 | chain(game/max/avg): 4/5/3.5 | reward(game/avg): 9000/8144 | 3.22 games/s | ETA: 53s
[ 129/300] samples:   6308 | chain(game/max/avg): 4/5/3.5 | reward(game/avg): 10350/8161 | 3.24 games/s | ETA: 53s
[ 130/300] samples:   6358 | chain(game/max/avg): 3/5/3.5 | reward(game/avg): 10200/8177 | 3.26 games/s | ETA: 52s
[ 131/300] samples:   6408 | chain(game/max/avg): 4/5/3.5 | reward(game/avg): 7340/8170 | 3.28 games/s | ETA: 51s
[ 132/300] samples:   6458 | chain(game/max/avg): 4/5/3.5 | reward(game/avg): 9600/8181 | 3.30 games/s | ETA: 51s
[ 133/300] samples:   6508 | chain(game/max/avg): 4/5/3.5 | reward(game/avg): 7980/8180 | 3.33 games/s | ETA: 50s
[ 134/300] samples:   6558 | chain(game/max/avg): 4/5/3.6 | reward(game/avg): 11340/8203 | 3.35 games/s | ETA: 50s
[ 135/300] samples:   6608 | chain(game/max/avg): 3/5/3.5 | reward(game/avg): 6790/8193 | 3.37 games/s | ETA: 49s
[ 136/300] samples:   6658 | chain(game/max/avg): 3/5/3.5 | reward(game/avg): 6760/8182 | 3.40 games/s | ETA: 48s
[ 137/300] samples:   6708 | chain(game/max/avg): 4/5/3.5 | reward(game/avg): 10100/8196 | 3.42 games/s | ETA: 48s
[ 138/300] samples:   6758 | chain(game/max/avg): 4/5/3.6 | reward(game/avg): 10380/8212 | 3.44 games/s | ETA: 47s
[ 139/300] samples:   6808 | chain(game/max/avg): 4/5/3.6 | reward(game/avg): 9390/8221 | 3.47 games/s | ETA: 46s
[ 140/300] samples:   6858 | chain(game/max/avg): 4/5/3.6 | reward(game/avg): 7390/8215 | 3.49 games/s | ETA: 46s
[ 141/300] samples:   6908 | chain(game/max/avg): 3/5/3.6 | reward(game/avg): 8160/8214 | 3.51 games/s | ETA: 45s
[ 142/300] samples:   6958 | chain(game/max/avg): 4/5/3.6 | reward(game/avg): 7460/8209 | 3.54 games/s | ETA: 45s
[ 143/300] samples:   7008 | chain(game/max/avg): 4/5/3.6 | reward(game/avg): 7400/8203 | 3.56 games/s | ETA: 44s
[ 144/300] samples:   7058 | chain(game/max/avg): 4/5/3.6 | reward(game/avg): 7960/8202 | 3.59 games/s | ETA: 43s
[ 145/300] samples:   7108 | chain(game/max/avg): 3/5/3.6 | reward(game/avg): 6020/8187 | 3.61 games/s | ETA: 43s
[ 146/300] samples:   7158 | chain(game/max/avg): 4/5/3.6 | reward(game/avg): 9940/8199 | 3.64 games/s | ETA: 42s
[ 147/300] samples:   7208 | chain(game/max/avg): 3/5/3.6 | reward(game/avg): 7420/8193 | 3.66 games/s | ETA: 42s
[ 148/300] samples:   7258 | chain(game/max/avg): 4/5/3.6 | reward(game/avg): 8440/8195 | 3.68 games/s | ETA: 41s
[ 149/300] samples:   7308 | chain(game/max/avg): 4/5/3.6 | reward(game/avg): 7220/8188 | 3.71 games/s | ETA: 41s
[ 150/300] samples:   7358 | chain(game/max/avg): 3/5/3.6 | reward(game/avg): 7320/8183 | 3.73 games/s | ETA: 40s
[ 151/300] samples:   7408 | chain(game/max/avg): 4/5/3.6 | reward(game/avg): 7100/8175 | 3.75 games/s | ETA: 40s
[ 152/300] samples:   7458 | chain(game/max/avg): 4/5/3.6 | reward(game/avg): 8440/8177 | 3.78 games/s | ETA: 39s
[ 153/300] samples:   7508 | chain(game/max/avg): 4/5/3.6 | reward(game/avg): 8980/8182 | 3.80 games/s | ETA: 39s
[ 154/300] samples:   7558 | chain(game/max/avg): 3/5/3.6 | reward(game/avg): 6820/8174 | 3.83 games/s | ETA: 38s
[ 155/300] samples:   7608 | chain(game/max/avg): 3/5/3.6 | reward(game/avg): 7140/8167 | 3.85 games/s | ETA: 38s
[ 156/300] samples:   7658 | chain(game/max/avg): 4/5/3.6 | reward(game/avg): 8740/8171 | 3.87 games/s | ETA: 37s
[ 157/300] samples:   7708 | chain(game/max/avg): 4/5/3.6 | reward(game/avg): 7600/8167 | 3.90 games/s | ETA: 37s
[ 158/300] samples:   7758 | chain(game/max/avg): 4/5/3.6 | reward(game/avg): 8480/8169 | 3.92 games/s | ETA: 36s
[ 159/300] samples:   7808 | chain(game/max/avg): 4/5/3.6 | reward(game/avg): 8700/8172 | 3.94 games/s | ETA: 36s
[ 160/300] samples:   7858 | chain(game/max/avg): 4/5/3.6 | reward(game/avg): 10060/8184 | 3.96 games/s | ETA: 35s
[ 161/300] samples:   7908 | chain(game/max/avg): 4/5/3.6 | reward(game/avg): 8120/8184 | 3.98 games/s | ETA: 35s
[ 162/300] samples:   7958 | chain(game/max/avg): 4/5/3.6 | reward(game/avg): 9980/8195 | 4.00 games/s | ETA: 34s
[ 163/300] samples:   8008 | chain(game/max/avg): 5/5/3.6 | reward(game/avg): 11260/8214 | 4.03 games/s | ETA: 34s
[ 164/300] samples:   8058 | chain(game/max/avg): 4/5/3.6 | reward(game/avg): 9440/8221 | 4.05 games/s | ETA: 34s
[ 165/300] samples:   8108 | chain(game/max/avg): 3/5/3.6 | reward(game/avg): 6700/8212 | 4.08 games/s | ETA: 33s
[ 166/300] samples:   8158 | chain(game/max/avg): 3/5/3.6 | reward(game/avg): 6820/8203 | 4.10 games/s | ETA: 33s
[ 167/300] samples:   8208 | chain(game/max/avg): 4/5/3.6 | reward(game/avg): 7720/8201 | 4.12 games/s | ETA: 32s
[ 168/300] samples:   8258 | chain(game/max/avg): 4/5/3.6 | reward(game/avg): 8970/8205 | 4.15 games/s | ETA: 32s
[ 169/300] samples:   8308 | chain(game/max/avg): 4/5/3.6 | reward(game/avg): 7440/8201 | 4.17 games/s | ETA: 31s
[ 170/300] samples:   8358 | chain(game/max/avg): 4/5/3.6 | reward(game/avg): 10610/8215 | 4.19 games/s | ETA: 31s
[ 171/300] samples:   8408 | chain(game/max/avg): 4/5/3.6 | reward(game/avg): 11900/8236 | 4.22 games/s | ETA: 31s
[ 172/300] samples:   8458 | chain(game/max/avg): 4/5/3.6 | reward(game/avg): 9900/8246 | 4.24 games/s | ETA: 30s
[ 173/300] samples:   8508 | chain(game/max/avg): 4/5/3.6 | reward(game/avg): 7140/8240 | 4.26 games/s | ETA: 30s
[ 174/300] samples:   8558 | chain(game/max/avg): 4/5/3.6 | reward(game/avg): 8820/8243 | 4.29 games/s | ETA: 29s
[ 175/300] samples:   8608 | chain(game/max/avg): 4/5/3.6 | reward(game/avg): 7680/8240 | 4.30 games/s | ETA: 29s
[ 176/300] samples:   8658 | chain(game/max/avg): 4/5/3.6 | reward(game/avg): 8410/8241 | 4.33 games/s | ETA: 29s
[ 177/300] samples:   8708 | chain(game/max/avg): 4/5/3.6 | reward(game/avg): 8340/8241 | 4.35 games/s | ETA: 28s
[ 178/300] samples:   8758 | chain(game/max/avg): 4/5/3.6 | reward(game/avg): 8160/8241 | 4.37 games/s | ETA: 28s
[ 179/300] samples:   8808 | chain(game/max/avg): 3/5/3.6 | reward(game/avg): 9300/8247 | 4.39 games/s | ETA: 28s
[ 180/300] samples:   8858 | chain(game/max/avg): 3/5/3.6 | reward(game/avg): 6790/8239 | 4.41 games/s | ETA: 27s
[ 181/300] samples:   8908 | chain(game/max/avg): 4/5/3.6 | reward(game/avg): 6850/8231 | 4.43 games/s | ETA: 27s
[ 182/300] samples:   8958 | chain(game/max/avg): 4/5/3.6 | reward(game/avg): 6620/8222 | 4.46 games/s | ETA: 26s
[ 183/300] samples:   9008 | chain(game/max/avg): 3/5/3.6 | reward(game/avg): 9100/8227 | 4.48 games/s | ETA: 26s
[ 184/300] samples:   9058 | chain(game/max/avg): 4/5/3.6 | reward(game/avg): 7610/8224 | 4.50 games/s | ETA: 26s
[ 185/300] samples:   9108 | chain(game/max/avg): 4/5/3.6 | reward(game/avg): 8680/8226 | 4.52 games/s | ETA: 25s
[ 186/300] samples:   9158 | chain(game/max/avg): 4/5/3.6 | reward(game/avg): 9080/8231 | 4.54 games/s | ETA: 25s
[ 187/300] samples:   9208 | chain(game/max/avg): 4/5/3.6 | reward(game/avg): 10720/8244 | 4.56 games/s | ETA: 25s
[ 188/300] samples:   9258 | chain(game/max/avg): 3/5/3.6 | reward(game/avg): 8600/8246 | 4.58 games/s | ETA: 24s
[ 189/300] samples:   9308 | chain(game/max/avg): 4/5/3.6 | reward(game/avg): 9360/8252 | 4.60 games/s | ETA: 24s
[ 190/300] samples:   9358 | chain(game/max/avg): 4/5/3.6 | reward(game/avg): 9520/8258 | 4.62 games/s | ETA: 24s
[ 191/300] samples:   9408 | chain(game/max/avg): 3/5/3.6 | reward(game/avg): 5980/8246 | 4.65 games/s | ETA: 23s
[ 192/300] samples:   9458 | chain(game/max/avg): 4/5/3.6 | reward(game/avg): 8940/8250 | 4.67 games/s | ETA: 23s
[ 193/300] samples:   9508 | chain(game/max/avg): 3/5/3.6 | reward(game/avg): 8570/8252 | 4.69 games/s | ETA: 23s
[ 194/300] samples:   9558 | chain(game/max/avg): 4/5/3.6 | reward(game/avg): 8640/8254 | 4.71 games/s | ETA: 23s
[ 195/300] samples:   9608 | chain(game/max/avg): 3/5/3.6 | reward(game/avg): 9300/8259 | 4.72 games/s | ETA: 22s
[ 196/300] samples:   9658 | chain(game/max/avg): 3/5/3.6 | reward(game/avg): 8540/8261 | 4.75 games/s | ETA: 22s
[ 197/300] samples:   9708 | chain(game/max/avg): 4/5/3.6 | reward(game/avg): 9160/8265 | 4.77 games/s | ETA: 22s
[ 198/300] samples:   9758 | chain(game/max/avg): 3/5/3.6 | reward(game/avg): 6980/8259 | 4.79 games/s | ETA: 21s
[ 199/300] samples:   9808 | chain(game/max/avg): 4/5/3.6 | reward(game/avg): 10180/8268 | 4.81 games/s | ETA: 21s
[ 200/300] samples:   9858 | chain(game/max/avg): 4/5/3.6 | reward(game/avg): 8630/8270 | 4.83 games/s | ETA: 21s
[ 201/300] samples:   9904 | chain(game/max/avg): 3/5/3.6 | reward(game/avg): 5860/8258 | 4.68 games/s | ETA: 21s
[ 202/300] samples:   9917 | chain(game/max/avg): 1/5/3.6 | reward(game/avg): 40/8217 | 4.62 games/s | ETA: 21s
[ 203/300] samples:   9967 | chain(game/max/avg): 4/5/3.6 | reward(game/avg): 8820/8220 | 4.36 games/s | ETA: 22s
[ 204/300] samples:  10017 | chain(game/max/avg): 3/5/3.6 | reward(game/avg): 8460/8222 | 4.34 games/s | ETA: 22s
[ 205/300] samples:  10067 | chain(game/max/avg): 3/5/3.6 | reward(game/avg): 8140/8221 | 4.30 games/s | ETA: 22s
[ 206/300] samples:  10117 | chain(game/max/avg): 4/5/3.6 | reward(game/avg): 6120/8211 | 4.00 games/s | ETA: 23s
[ 207/300] samples:  10167 | chain(game/max/avg): 4/5/3.6 | reward(game/avg): 10600/8223 | 3.81 games/s | ETA: 24s
[ 208/300] samples:  10217 | chain(game/max/avg): 3/5/3.6 | reward(game/avg): 6620/8215 | 3.76 games/s | ETA: 24s
[ 209/300] samples:  10267 | chain(game/max/avg): 4/5/3.6 | reward(game/avg): 9300/8220 | 3.64 games/s | ETA: 25s
[ 210/300] samples:  10317 | chain(game/max/avg): 4/5/3.6 | reward(game/avg): 10380/8230 | 3.65 games/s | ETA: 25s
[ 211/300] samples:  10367 | chain(game/max/avg): 4/5/3.6 | reward(game/avg): 8140/8230 | 3.63 games/s | ETA: 24s
[ 212/300] samples:  10417 | chain(game/max/avg): 3/5/3.6 | reward(game/avg): 8200/8230 | 3.65 games/s | ETA: 24s
[ 213/300] samples:  10467 | chain(game/max/avg): 4/5/3.6 | reward(game/avg): 6640/8222 | 3.62 games/s | ETA: 24s
[ 214/300] samples:  10517 | chain(game/max/avg): 4/5/3.6 | reward(game/avg): 9520/8228 | 3.63 games/s | ETA: 24s
[ 215/300] samples:  10567 | chain(game/max/avg): 3/5/3.6 | reward(game/avg): 7000/8223 | 3.64 games/s | ETA: 23s
[ 216/300] samples:  10617 | chain(game/max/avg): 3/5/3.6 | reward(game/avg): 7050/8217 | 3.65 games/s | ETA: 23s
[ 217/300] samples:  10667 | chain(game/max/avg): 3/5/3.6 | reward(game/avg): 9690/8224 | 3.64 games/s | ETA: 23s
[ 218/300] samples:  10717 | chain(game/max/avg): 3/5/3.6 | reward(game/avg): 5760/8213 | 3.65 games/s | ETA: 22s
[ 219/300] samples:  10767 | chain(game/max/avg): 3/5/3.6 | reward(game/avg): 7700/8210 | 3.63 games/s | ETA: 22s
[ 220/300] samples:  10817 | chain(game/max/avg): 3/5/3.6 | reward(game/avg): 6660/8203 | 3.64 games/s | ETA: 22s
[ 221/300] samples:  10867 | chain(game/max/avg): 3/5/3.6 | reward(game/avg): 5400/8191 | 3.65 games/s | ETA: 22s
[ 222/300] samples:  10917 | chain(game/max/avg): 4/5/3.6 | reward(game/avg): 10080/8199 | 3.66 games/s | ETA: 21s
[ 223/300] samples:  10967 | chain(game/max/avg): 4/5/3.6 | reward(game/avg): 8920/8202 | 3.65 games/s | ETA: 21s
[ 224/300] samples:  11017 | chain(game/max/avg): 4/5/3.6 | reward(game/avg): 7640/8200 | 3.67 games/s | ETA: 21s
[ 225/300] samples:  11067 | chain(game/max/avg): 3/5/3.6 | reward(game/avg): 6720/8193 | 3.67 games/s | ETA: 20s
[ 226/300] samples:  11117 | chain(game/max/avg): 3/5/3.6 | reward(game/avg): 8160/8193 | 3.69 games/s | ETA: 20s
[ 227/300] samples:  11167 | chain(game/max/avg): 4/5/3.6 | reward(game/avg): 8030/8192 | 3.69 games/s | ETA: 20s
[ 228/300] samples:  11217 | chain(game/max/avg): 4/5/3.6 | reward(game/avg): 9200/8197 | 3.69 games/s | ETA: 20s
[ 229/300] samples:  11267 | chain(game/max/avg): 4/5/3.6 | reward(game/avg): 10580/8207 | 3.71 games/s | ETA: 19s
[ 230/300] samples:  11317 | chain(game/max/avg): 3/5/3.6 | reward(game/avg): 6520/8200 | 3.69 games/s | ETA: 19s
[ 231/300] samples:  11367 | chain(game/max/avg): 4/5/3.6 | reward(game/avg): 6560/8193 | 3.70 games/s | ETA: 19s
[ 232/300] samples:  11417 | chain(game/max/avg): 3/5/3.6 | reward(game/avg): 8180/8193 | 3.72 games/s | ETA: 18s
[ 233/300] samples:  11467 | chain(game/max/avg): 3/5/3.6 | reward(game/avg): 7520/8190 | 3.73 games/s | ETA: 18s
[ 234/300] samples:  11517 | chain(game/max/avg): 4/5/3.6 | reward(game/avg): 7940/8189 | 3.75 games/s | ETA: 18s
[ 235/300] samples:  11567 | chain(game/max/avg): 5/5/3.6 | reward(game/avg): 10780/8200 | 3.76 games/s | ETA: 17s
[ 236/300] samples:  11617 | chain(game/max/avg): 4/5/3.6 | reward(game/avg): 8440/8201 | 3.74 games/s | ETA: 17s
[ 237/300] samples:  11667 | chain(game/max/avg): 3/5/3.6 | reward(game/avg): 6960/8196 | 3.75 games/s | ETA: 17s
[ 238/300] samples:  11717 | chain(game/max/avg): 3/5/3.6 | reward(game/avg): 7180/8191 | 3.77 games/s | ETA: 16s
[ 239/300] samples:  11767 | chain(game/max/avg): 4/5/3.6 | reward(game/avg): 8160/8191 | 3.79 games/s | ETA: 16s
[ 240/300] samples:  11817 | chain(game/max/avg): 4/5/3.6 | reward(game/avg): 8840/8194 | 3.80 games/s | ETA: 16s
[ 241/300] samples:  11867 | chain(game/max/avg): 4/5/3.6 | reward(game/avg): 10760/8205 | 3.81 games/s | ETA: 15s
[ 242/300] samples:  11917 | chain(game/max/avg): 3/5/3.6 | reward(game/avg): 8100/8204 | 3.83 games/s | ETA: 15s
[ 243/300] samples:  11967 | chain(game/max/avg): 3/5/3.6 | reward(game/avg): 8000/8203 | 3.84 games/s | ETA: 15s
[ 244/300] samples:  12017 | chain(game/max/avg): 3/5/3.6 | reward(game/avg): 6380/8196 | 3.85 games/s | ETA: 15s
[ 245/300] samples:  12067 | chain(game/max/avg): 4/5/3.6 | reward(game/avg): 8100/8195 | 3.87 games/s | ETA: 14s
[ 246/300] samples:  12117 | chain(game/max/avg): 4/5/3.6 | reward(game/avg): 10210/8204 | 3.88 games/s | ETA: 14s
[ 247/300] samples:  12167 | chain(game/max/avg): 3/5/3.6 | reward(game/avg): 6240/8196 | 3.90 games/s | ETA: 14s
[ 248/300] samples:  12217 | chain(game/max/avg): 4/5/3.6 | reward(game/avg): 8340/8196 | 3.91 games/s | ETA: 13s
[ 249/300] samples:  12267 | chain(game/max/avg): 4/5/3.6 | reward(game/avg): 9060/8200 | 3.93 games/s | ETA: 13s
[ 250/300] samples:  12317 | chain(game/max/avg): 3/5/3.6 | reward(game/avg): 6070/8191 | 3.94 games/s | ETA: 13s
[ 251/300] samples:  12367 | chain(game/max/avg): 4/5/3.6 | reward(game/avg): 8740/8193 | 3.95 games/s | ETA: 12s
[ 252/300] samples:  12417 | chain(game/max/avg): 3/5/3.6 | reward(game/avg): 8400/8194 | 3.95 games/s | ETA: 12s
[ 253/300] samples:  12467 | chain(game/max/avg): 4/5/3.6 | reward(game/avg): 8040/8194 | 3.96 games/s | ETA: 12s
[ 254/300] samples:  12517 | chain(game/max/avg): 4/5/3.6 | reward(game/avg): 8020/8193 | 3.98 games/s | ETA: 12s
[ 255/300] samples:  12567 | chain(game/max/avg): 3/5/3.6 | reward(game/avg): 8100/8193 | 3.99 games/s | ETA: 11s
[ 256/300] samples:  12617 | chain(game/max/avg): 3/5/3.6 | reward(game/avg): 6360/8185 | 4.01 games/s | ETA: 11s
[ 257/300] samples:  12667 | chain(game/max/avg): 3/5/3.6 | reward(game/avg): 8000/8185 | 4.02 games/s | ETA: 11s
[ 258/300] samples:  12717 | chain(game/max/avg): 4/5/3.6 | reward(game/avg): 8920/8187 | 4.04 games/s | ETA: 10s
[ 259/300] samples:  12767 | chain(game/max/avg): 4/5/3.6 | reward(game/avg): 9510/8193 | 4.05 games/s | ETA: 10s
[ 260/300] samples:  12817 | chain(game/max/avg): 4/5/3.6 | reward(game/avg): 9060/8196 | 4.07 games/s | ETA: 10s
[ 261/300] samples:  12867 | chain(game/max/avg): 3/5/3.6 | reward(game/avg): 8340/8196 | 4.08 games/s | ETA: 10s
[ 262/300] samples:  12917 | chain(game/max/avg): 4/5/3.6 | reward(game/avg): 7700/8195 | 4.10 games/s | ETA: 9s
[ 263/300] samples:  12967 | chain(game/max/avg): 3/5/3.6 | reward(game/avg): 10040/8202 | 4.11 games/s | ETA: 9s
[ 264/300] samples:  13017 | chain(game/max/avg): 4/5/3.6 | reward(game/avg): 9020/8205 | 4.12 games/s | ETA: 9s
[ 265/300] samples:  13067 | chain(game/max/avg): 4/5/3.6 | reward(game/avg): 7450/8202 | 4.14 games/s | ETA: 8s
[ 266/300] samples:  13117 | chain(game/max/avg): 4/5/3.6 | reward(game/avg): 9080/8205 | 4.15 games/s | ETA: 8s
[ 267/300] samples:  13167 | chain(game/max/avg): 3/5/3.6 | reward(game/avg): 6460/8199 | 4.13 games/s | ETA: 8s
[ 268/300] samples:  13217 | chain(game/max/avg): 4/5/3.6 | reward(game/avg): 8200/8199 | 4.15 games/s | ETA: 8s
[ 269/300] samples:  13267 | chain(game/max/avg): 4/5/3.6 | reward(game/avg): 7040/8194 | 4.16 games/s | ETA: 7s
[ 270/300] samples:  13317 | chain(game/max/avg): 3/5/3.6 | reward(game/avg): 7540/8192 | 4.18 games/s | ETA: 7s
[ 271/300] samples:  13367 | chain(game/max/avg): 4/5/3.6 | reward(game/avg): 9580/8197 | 4.19 games/s | ETA: 7s
[ 272/300] samples:  13417 | chain(game/max/avg): 4/5/3.6 | reward(game/avg): 8600/8198 | 4.20 games/s | ETA: 7s
[ 273/300] samples:  13467 | chain(game/max/avg): 3/5/3.6 | reward(game/avg): 6060/8191 | 4.22 games/s | ETA: 6s
[ 274/300] samples:  13517 | chain(game/max/avg): 3/5/3.6 | reward(game/avg): 5740/8182 | 4.23 games/s | ETA: 6s
[ 275/300] samples:  13567 | chain(game/max/avg): 4/5/3.6 | reward(game/avg): 11300/8193 | 4.25 games/s | ETA: 6s
[ 276/300] samples:  13617 | chain(game/max/avg): 4/5/3.6 | reward(game/avg): 10360/8201 | 4.26 games/s | ETA: 6s
[ 277/300] samples:  13667 | chain(game/max/avg): 4/5/3.6 | reward(game/avg): 8800/8203 | 4.28 games/s | ETA: 5s
[ 278/300] samples:  13717 | chain(game/max/avg): 3/5/3.6 | reward(game/avg): 7860/8202 | 4.29 games/s | ETA: 5s
[ 279/300] samples:  13767 | chain(game/max/avg): 4/5/3.6 | reward(game/avg): 7360/8199 | 4.31 games/s | ETA: 5s
[ 280/300] samples:  13817 | chain(game/max/avg): 4/5/3.6 | reward(game/avg): 9420/8203 | 4.32 games/s | ETA: 5s
[ 281/300] samples:  13867 | chain(game/max/avg): 4/5/3.6 | reward(game/avg): 8680/8205 | 4.33 games/s | ETA: 4s
[ 282/300] samples:  13917 | chain(game/max/avg): 4/5/3.6 | reward(game/avg): 8920/8207 | 4.32 games/s | ETA: 4s
[ 283/300] samples:  13967 | chain(game/max/avg): 3/5/3.6 | reward(game/avg): 7380/8204 | 4.33 games/s | ETA: 4s
[ 284/300] samples:  14017 | chain(game/max/avg): 4/5/3.6 | reward(game/avg): 9440/8209 | 4.34 games/s | ETA: 4s
[ 285/300] samples:  14067 | chain(game/max/avg): 3/5/3.6 | reward(game/avg): 6060/8201 | 4.36 games/s | ETA: 3s
[ 286/300] samples:  14117 | chain(game/max/avg): 4/5/3.6 | reward(game/avg): 8870/8204 | 4.37 games/s | ETA: 3s
[ 287/300] samples:  14167 | chain(game/max/avg): 4/5/3.6 | reward(game/avg): 8830/8206 | 4.39 games/s | ETA: 3s
[ 288/300] samples:  14217 | chain(game/max/avg): 4/5/3.6 | reward(game/avg): 7520/8203 | 4.40 games/s | ETA: 3s
[ 289/300] samples:  14267 | chain(game/max/avg): 3/5/3.6 | reward(game/avg): 8130/8203 | 4.42 games/s | ETA: 2s
[ 290/300] samples:  14317 | chain(game/max/avg): 3/5/3.6 | reward(game/avg): 7300/8200 | 4.37 games/s | ETA: 2s
[ 291/300] samples:  14367 | chain(game/max/avg): 4/5/3.6 | reward(game/avg): 9820/8206 | 4.38 games/s | ETA: 2s
[ 292/300] samples:  14417 | chain(game/max/avg): 3/5/3.6 | reward(game/avg): 9440/8210 | 4.39 games/s | ETA: 2s
[ 293/300] samples:  14467 | chain(game/max/avg): 4/5/3.6 | reward(game/avg): 8380/8210 | 4.40 games/s | ETA: 2s
[ 294/300] samples:  14517 | chain(game/max/avg): 3/5/3.6 | reward(game/avg): 7560/8208 | 4.42 games/s | ETA: 1s
[ 295/300] samples:  14567 | chain(game/max/avg): 3/5/3.6 | reward(game/avg): 7640/8206 | 4.42 games/s | ETA: 1s
[ 296/300] samples:  14617 | chain(game/max/avg): 3/5/3.6 | reward(game/avg): 7600/8204 | 4.44 games/s | ETA: 1s
[ 297/300] samples:  14667 | chain(game/max/avg): 4/5/3.6 | reward(game/avg): 8480/8205 | 4.45 games/s | ETA: 1s
[ 298/300] samples:  14717 | chain(game/max/avg): 4/5/3.6 | reward(game/avg): 7420/8203 | 4.46 games/s | ETA: 0s
[ 299/300] samples:  14767 | chain(game/max/avg): 4/5/3.6 | reward(game/avg): 9100/8206 | 4.45 games/s | ETA: 0s
[ 300/300] samples:  14817 | chain(game/max/avg): 3/5/3.6 | reward(game/avg): 6000/8198 | 4.47 games/s | ETA: 0s
Self-play complete: 300 games, 14817 samples, max chain: 5
Saved to data/alphazero_iter_170.bin
[2026-04-03 13:10:30] Removing old data: data/alphazero_iter_140.bin
